<html>
<body>
<pre>
<h1>µVision Build Log</h1>
<h2>Tool Versions:</h2>
IDE-Version: µVision V5.22.0.0
Copyright (C) 2016 ARM Ltd and ARM Germany GmbH. All rights reserved.
License Information: Le Huy Binh, Z, LIC=----
 
Tool Versions:
Toolchain:       MDK-Lite  Version: 5.22
Toolchain Path:  C:\Keil_v5\ARM\ARMCC\Bin
C Compiler:      Armcc.exe V5.06 update 4 (build 422)
Assembler:       Armasm.exe V5.06 update 4 (build 422)
Linker/Locator:  ArmLink.exe V5.06 update 4 (build 422)
Library Manager: ArmAr.exe V5.06 update 4 (build 422)
Hex Converter:   FromElf.exe V5.06 update 4 (build 422)
CPU DLL:         SARMCM3.DLL V5.22
Dialog DLL:      DCM.DLL V1.13.9.0
Target DLL:      STLink\ST-LINKIII-KEIL_SWO.dll V2.0.18.0
Dialog DLL:      TCM.DLL V1.21.0.0
 
<h2>Project:</h2>
C:\Users\Huy Binh\Desktop\PWM_Ngoc_C\PWM\MDK-ARM\Project.uvprojx
Project File Date:  11/25/2017

<h2>Output:</h2>
*** Using Compiler 'V5.06 update 4 (build 422)', folder: 'C:\Keil_v5\ARM\ARMCC\Bin'
Build target 'Project'
compiling main.c...
..\main.c(34): warning:  #177-D: variable "dodai"  was declared but never referenced
    char dodai=0;
..\main.c(73): warning:  #223-D: function "Delay" declared implicitly
  	Delay(1500);
..\main.c(91): error:  #20: identifier "sms_mode" is undefined
  	sms_mode = 0;
..\main.c(109): warning:  #223-D: function "Delay" declared implicitly
  	Delay(2000); //delay 2s
..\main.c(122): warning:  #223-D: function "wait_ok" declared implicitly
  	while( wait_ok()==0);
..\main.c(142): warning:  #177-D: variable "times"  was declared but never referenced
  	static uint16_t times = 0;
..\main.c(241): warning:  #223-D: function "Delay" declared implicitly
  			Delay(200);
..\main.c(305): warning:  #177-D: variable "TIM_OCInitStructure"  was declared but never referenced
  	TIM_OCInitTypeDef  TIM_OCInitStructure;
..\main.c(306): warning:  #177-D: variable "GPIO_InitStructure"  was declared but never referenced
  	GPIO_InitTypeDef       GPIO_InitStructure;
..\main.c(395): warning:  #1-D: last line of file ends without a newline
  //Program Size: Code=2744 RO-data=424 RW-data=124 ZI-data=2380  
..\main.c: 9 warnings, 1 error
".\Project\Project.axf" - 1 Error(s), 9 Warning(s).

<h2>Collection of Component include folders:</h2>
  C:\Users\Huy Binh\Desktop\PWM_Ngoc_C\PWM\MDK-ARM\RTE\_Project
  C:\Keil_v5\ARM\PACK\Keil\STM32F4xx_DFP\2.11.0\Drivers\CMSIS\Device\ST\STM32F4xx\Include

<h2>Collection of Component Files used:</h2>
Target not created.
Build Time Elapsed:  00:00:01
</pre>
</body>
</html>
