<html>
<body>
<pre>
<h1>µVision Build Log</h1>
<h2>Tool Versions:</h2>
IDE-Version: µVision V5.22.0.0
Copyright (C) 2016 ARM Ltd and ARM Germany GmbH. All rights reserved.
License Information: Le Huy Binh, Z, LIC=----
 
Tool Versions:
Toolchain:       MDK-Lite  Version: 5.22
Toolchain Path:  C:\Keil_v5\ARM\ARMCC\Bin
C Compiler:      Armcc.exe V5.06 update 4 (build 422)
Assembler:       Armasm.exe V5.06 update 4 (build 422)
Linker/Locator:  ArmLink.exe V5.06 update 4 (build 422)
Library Manager: ArmAr.exe V5.06 update 4 (build 422)
Hex Converter:   FromElf.exe V5.06 update 4 (build 422)
CPU DLL:         SARMCM3.DLL V5.22
Dialog DLL:      DCM.DLL V1.13.9.0
Target DLL:      STLink\ST-LINKIII-KEIL_SWO.dll V2.0.18.0
Dialog DLL:      TCM.DLL V1.21.0.0
 
<h2>Project:</h2>
C:\Users\Huy Binh\Desktop\PWM_Ngoc_C\Nhi\PWM\MDK-ARM\Project.uvprojx
Project File Date:  11/25/2017

<h2>Output:</h2>
*** Using Compiler 'V5.06 update 4 (build 422)', folder: 'C:\Keil_v5\ARM\ARMCC\Bin'
Build target 'Project'
compiling main.c...
..\Libraries\STM32F4xx_StdPeriph_Driver\inc\HCSR04.h(3): warning:  #1295-D: Deprecated declaration HCSR04_GPIO_Init - give arg types
  void HCSR04_GPIO_Init();
..\Libraries\STM32F4xx_StdPeriph_Driver\inc\HCSR04.h(4): warning:  #1295-D: Deprecated declaration HCSR04_TIM_Init - give arg types
  void HCSR04_TIM_Init();
..\Libraries\STM32F4xx_StdPeriph_Driver\inc\HCSR04.h(6): warning:  #1295-D: Deprecated declaration TIM_CAPTURE - give arg types
  void TIM_CAPTURE();
..\Libraries\STM32F4xx_StdPeriph_Driver\inc\HCSR04.h(7): warning:  #1295-D: Deprecated declaration Sonic_Read1 - give arg types
  void Sonic_Read1();
..\Libraries\STM32F4xx_StdPeriph_Driver\inc\HCSR04.h(8): warning:  #1295-D: Deprecated declaration timeout - give arg types
  void timeout();
..\Libraries\STM32F4xx_StdPeriph_Driver\inc\HCSR04.h(10): warning:  #1-D: last line of file ends without a newline
  extern volatile float distance1;
..\main.c(117): warning:  #1295-D: Deprecated declaration TIM_PWM_Configuration - give arg types
  void TIM_PWM_Configuration();
..\main.c(118): warning:  #1295-D: Deprecated declaration ADC_Read - give arg types
  void ADC_Read();
..\main.c(119): warning:  #1295-D: Deprecated declaration ADC_config - give arg types
  void ADC_config();
..\main.c(120): warning:  #1295-D: Deprecated declaration TIM3_Read_Config - give arg types
  void TIM3_Read_Config();
..\main.c(121): warning:  #1295-D: Deprecated declaration check_CB - give arg types
  void check_CB();
..\main.c(122): warning:  #1295-D: Deprecated declaration check_cb - give arg types
  void check_cb();
..\main.c(123): warning:  #1295-D: Deprecated declaration CheckValueCShap - give arg types
  void CheckValueCShap();
..\main.c(612): warning:  #186-D: pointless comparison of unsigned integer with zero
  		if(PWM_Value[0] < 0 || PWM_Value[0] >100)
..\main.c(620): warning:  #186-D: pointless comparison of unsigned integer with zero
  		if(PWM_Value[1] < 0 || PWM_Value[1] >100)
..\main.c(628): warning:  #186-D: pointless comparison of unsigned integer with zero
  		if(PWM_Value[2] < 0 || PWM_Value[2] >100)
..\main.c(861): warning:  #177-D: variable "TIM_OCInitStructure"  was declared but never referenced
  	TIM_OCInitTypeDef  TIM_OCInitStructure;
..\main.c(862): warning:  #177-D: variable "GPIO_InitStructure"  was declared but never referenced
  	GPIO_InitTypeDef       GPIO_InitStructure;
..\main.c: 18 warnings, 0 errors
linking...
Program Size: Code=9588 RO-data=432 RW-data=228 ZI-data=3100  
FromELF: creating hex file...
".\Project\Project.axf" - 0 Error(s), 18 Warning(s).

<h2>Collection of Component include folders:</h2>
  C:\Users\Huy Binh\Desktop\PWM_Ngoc_C\Nhi\PWM\MDK-ARM\RTE\_Project
  C:\Keil_v5\ARM\PACK\Keil\STM32F4xx_DFP\2.11.0\Drivers\CMSIS\Device\ST\STM32F4xx\Include

<h2>Collection of Component Files used:</h2>
Build Time Elapsed:  00:00:01
</pre>
</body>
</html>
