Component: ARM Compiler 5.06 update 4 (build 422) Tool: armlink [4d35d2]

==============================================================================

Section Cross References

    main.o(i.ADC_Read) refers to dfltui.o(.text) for __aeabi_ui2d
    main.o(i.ADC_Read) refers to dmul.o(.text) for __aeabi_dmul
    main.o(i.ADC_Read) refers to d2f.o(.text) for __aeabi_d2f
    main.o(i.ADC_Read) refers to main.o(.data) for .data
    main.o(i.ADC_Read) refers to main.o(.bss) for .bss
    main.o(i.ADC_Read) refers to main.o(i.Putchar) for Putchar
    main.o(i.ADC_Read) refers to main.o(i.Delay) for Delay
    main.o(i.ADC_config) refers to stm32f4xx_rcc.o(i.RCC_AHB1PeriphClockCmd) for RCC_AHB1PeriphClockCmd
    main.o(i.ADC_config) refers to stm32f4xx_rcc.o(i.RCC_APB2PeriphClockCmd) for RCC_APB2PeriphClockCmd
    main.o(i.ADC_config) refers to stm32f4xx_dma.o(i.DMA_Init) for DMA_Init
    main.o(i.ADC_config) refers to stm32f4xx_dma.o(i.DMA_Cmd) for DMA_Cmd
    main.o(i.ADC_config) refers to stm32f4xx_gpio.o(i.GPIO_Init) for GPIO_Init
    main.o(i.ADC_config) refers to stm32f4xx_adc.o(i.ADC_CommonInit) for ADC_CommonInit
    main.o(i.ADC_config) refers to stm32f4xx_adc.o(i.ADC_Init) for ADC_Init
    main.o(i.ADC_config) refers to stm32f4xx_adc.o(i.ADC_RegularChannelConfig) for ADC_RegularChannelConfig
    main.o(i.ADC_config) refers to stm32f4xx_adc.o(i.ADC_DMARequestAfterLastTransferCmd) for ADC_DMARequestAfterLastTransferCmd
    main.o(i.ADC_config) refers to stm32f4xx_adc.o(i.ADC_DMACmd) for ADC_DMACmd
    main.o(i.ADC_config) refers to stm32f4xx_adc.o(i.ADC_Cmd) for ADC_Cmd
    main.o(i.ADC_config) refers to stm32f4xx_adc.o(i.ADC_SoftwareStartConv) for ADC_SoftwareStartConv
    main.o(i.ADC_config) refers to main.o(.data) for .data
    main.o(i.CheckValueCShap) refers to stm32f4xx_gpio.o(i.GPIO_ResetBits) for GPIO_ResetBits
    main.o(i.CheckValueCShap) refers to stm32f4xx_gpio.o(i.GPIO_SetBits) for GPIO_SetBits
    main.o(i.CheckValueCShap) refers to main.o(.data) for .data
    main.o(i.CheckValueCShap) refers to main.o(.bss) for .bss
    main.o(i.Delay) refers to main.o(.data) for .data
    main.o(i.Init_sim900) refers to stm32f4xx_gpio.o(i.GPIO_SetBits) for GPIO_SetBits
    main.o(i.Init_sim900) refers to main.o(i.Delay) for Delay
    main.o(i.Init_sim900) refers to stm32f4xx_gpio.o(i.GPIO_ResetBits) for GPIO_ResetBits
    main.o(i.Init_sim900) refers to main.o(i.send_s1) for send_s1
    main.o(i.Init_sim900) refers to main.o(i.Putchar1) for Putchar1
    main.o(i.Init_sim900) refers to main.o(i.wait_ok) for wait_ok
    main.o(i.Init_sim900) refers to main.o(i.send_sms) for send_sms
    main.o(i.Init_sim900) refers to main.o(.data) for .data
    main.o(i.Putchar) refers to stm32f4xx_usart.o(i.USART_SendData) for USART_SendData
    main.o(i.Putchar) refers to stm32f4xx_usart.o(i.USART_GetFlagStatus) for USART_GetFlagStatus
    main.o(i.Putchar1) refers to stm32f4xx_usart.o(i.USART_SendData) for USART_SendData
    main.o(i.Putchar1) refers to stm32f4xx_usart.o(i.USART_GetFlagStatus) for USART_GetFlagStatus
    main.o(i.TIM3_IRQHandler) refers to stm32f4xx_tim.o(i.TIM_GetITStatus) for TIM_GetITStatus
    main.o(i.TIM3_IRQHandler) refers to stm32f4xx_tim.o(i.TIM_ClearITPendingBit) for TIM_ClearITPendingBit
    main.o(i.TIM3_IRQHandler) refers to main.o(.data) for .data
    main.o(i.TIM3_IRQHandler) refers to main.o(.bss) for .bss
    main.o(i.TIM3_Read_Config) refers to stm32f4xx_rcc.o(i.RCC_APB1PeriphClockCmd) for RCC_APB1PeriphClockCmd
    main.o(i.TIM3_Read_Config) refers to stm32f4xx_tim.o(i.TIM_TimeBaseInit) for TIM_TimeBaseInit
    main.o(i.TIM3_Read_Config) refers to stm32f4xx_tim.o(i.TIM_ITConfig) for TIM_ITConfig
    main.o(i.TIM3_Read_Config) refers to stm32f4xx_tim.o(i.TIM_Cmd) for TIM_Cmd
    main.o(i.TIM3_Read_Config) refers to misc.o(i.NVIC_Init) for NVIC_Init
    main.o(i.TIM3_Read_Config) refers to system_stm32f4xx.o(.data) for SystemCoreClock
    main.o(i.TIM5_IRQHandler) refers to stm32f4xx_tim.o(i.TIM_GetITStatus) for TIM_GetITStatus
    main.o(i.TIM5_IRQHandler) refers to stm32f4xx_tim.o(i.TIM_ClearITPendingBit) for TIM_ClearITPendingBit
    main.o(i.TIM5_IRQHandler) refers to hcsr04.o(i.timeout) for timeout
    main.o(i.TIM8_CC_IRQHandler) refers to hcsr04.o(i.TIM_CAPTURE) for TIM_CAPTURE
    main.o(i.TIM_PWM_Configuration) refers to stm32f4xx_rcc.o(i.RCC_APB2PeriphClockCmd) for RCC_APB2PeriphClockCmd
    main.o(i.TIM_PWM_Configuration) refers to stm32f4xx_rcc.o(i.RCC_AHB1PeriphClockCmd) for RCC_AHB1PeriphClockCmd
    main.o(i.TIM_PWM_Configuration) refers to stm32f4xx_gpio.o(i.GPIO_Init) for GPIO_Init
    main.o(i.TIM_PWM_Configuration) refers to stm32f4xx_gpio.o(i.GPIO_PinAFConfig) for GPIO_PinAFConfig
    main.o(i.TIM_PWM_Configuration) refers to stm32f4xx_tim.o(i.TIM_TimeBaseInit) for TIM_TimeBaseInit
    main.o(i.TIM_PWM_Configuration) refers to stm32f4xx_tim.o(i.TIM_OC1Init) for TIM_OC1Init
    main.o(i.TIM_PWM_Configuration) refers to stm32f4xx_tim.o(i.TIM_OC1PreloadConfig) for TIM_OC1PreloadConfig
    main.o(i.TIM_PWM_Configuration) refers to stm32f4xx_tim.o(i.TIM_OC2Init) for TIM_OC2Init
    main.o(i.TIM_PWM_Configuration) refers to stm32f4xx_tim.o(i.TIM_OC2PreloadConfig) for TIM_OC2PreloadConfig
    main.o(i.TIM_PWM_Configuration) refers to stm32f4xx_tim.o(i.TIM_OC3Init) for TIM_OC3Init
    main.o(i.TIM_PWM_Configuration) refers to stm32f4xx_tim.o(i.TIM_OC3PreloadConfig) for TIM_OC3PreloadConfig
    main.o(i.TIM_PWM_Configuration) refers to stm32f4xx_tim.o(i.TIM_ARRPreloadConfig) for TIM_ARRPreloadConfig
    main.o(i.TIM_PWM_Configuration) refers to stm32f4xx_tim.o(i.TIM_Cmd) for TIM_Cmd
    main.o(i.TIM_PWM_Configuration) refers to stm32f4xx_tim.o(i.TIM_CtrlPWMOutputs) for TIM_CtrlPWMOutputs
    main.o(i.TIM_PWM_Configuration) refers to system_stm32f4xx.o(.data) for SystemCoreClock
    main.o(i.TIM_PWM_Configuration) refers to main.o(.data) for .data
    main.o(i.TimingDelay_Decrement) refers to main.o(.data) for .data
    main.o(i.USART2_IRQHandler) refers to stm32f4xx_usart.o(i.USART_GetITStatus) for USART_GetITStatus
    main.o(i.USART2_IRQHandler) refers to stm32f4xx_usart.o(i.USART_GetFlagStatus) for USART_GetFlagStatus
    main.o(i.USART2_IRQHandler) refers to stm32f4xx_usart.o(i.USART_ReceiveData) for USART_ReceiveData
    main.o(i.USART2_IRQHandler) refers to stm32f4xx_usart.o(i.USART_ClearITPendingBit) for USART_ClearITPendingBit
    main.o(i.USART2_IRQHandler) refers to main.o(.data) for .data
    main.o(i.USART2_IRQHandler) refers to main.o(.bss) for .bss
    main.o(i.USART3_IRQHandler) refers to stm32f4xx_usart.o(i.USART_GetITStatus) for USART_GetITStatus
    main.o(i.USART3_IRQHandler) refers to stm32f4xx_usart.o(i.USART_GetFlagStatus) for USART_GetFlagStatus
    main.o(i.USART3_IRQHandler) refers to stm32f4xx_usart.o(i.USART_ReceiveData) for USART_ReceiveData
    main.o(i.USART3_IRQHandler) refers to stm32f4xx_usart.o(i.USART_ClearITPendingBit) for USART_ClearITPendingBit
    main.o(i.USART3_IRQHandler) refers to main.o(.data) for .data
    main.o(i.USART3_IRQHandler) refers to main.o(.bss) for .bss
    main.o(i.check_CB) refers to strstr.o(.text) for strstr
    main.o(i.check_CB) refers to stm32f4xx_gpio.o(i.GPIO_SetBits) for GPIO_SetBits
    main.o(i.check_CB) refers to main.o(i.send_s) for send_s
    main.o(i.check_CB) refers to stm32f4xx_gpio.o(i.GPIO_ResetBits) for GPIO_ResetBits
    main.o(i.check_CB) refers to stm32f4xx_adc.o(i.ADC_Cmd) for ADC_Cmd
    main.o(i.check_CB) refers to main.o(.data) for .data
    main.o(i.check_CB) refers to main.o(.bss) for .bss
    main.o(i.check_cb) refers to strstr.o(.text) for strstr
    main.o(i.check_cb) refers to strncmp.o(.text) for strncmp
    main.o(i.check_cb) refers to lcd.o(i.PrintStr) for PrintStr
    main.o(i.check_cb) refers to main.o(i.send_sms) for send_sms
    main.o(i.check_cb) refers to lcd.o(i.ClearLcmScreen) for ClearLcmScreen
    main.o(i.check_cb) refers to stm32f4xx_gpio.o(i.GPIO_SetBits) for GPIO_SetBits
    main.o(i.check_cb) refers to main.o(i.send_s) for send_s
    main.o(i.check_cb) refers to stm32f4xx_gpio.o(i.GPIO_ResetBits) for GPIO_ResetBits
    main.o(i.check_cb) refers to main.o(.data) for .data
    main.o(i.check_cb) refers to main.o(.bss) for .bss
    main.o(i.main) refers to stm32f4xx_rcc.o(i.RCC_APB1PeriphClockCmd) for RCC_APB1PeriphClockCmd
    main.o(i.main) refers to stm32f4xx_rcc.o(i.RCC_AHB1PeriphClockCmd) for RCC_AHB1PeriphClockCmd
    main.o(i.main) refers to stm32f4xx_gpio.o(i.GPIO_Init) for GPIO_Init
    main.o(i.main) refers to stm32f4xx_gpio.o(i.GPIO_PinAFConfig) for GPIO_PinAFConfig
    main.o(i.main) refers to stm32f4xx_usart.o(i.USART_Init) for USART_Init
    main.o(i.main) refers to stm32f4xx_usart.o(i.USART_ITConfig) for USART_ITConfig
    main.o(i.main) refers to misc.o(i.NVIC_Init) for NVIC_Init
    main.o(i.main) refers to stm32f4xx_usart.o(i.USART_Cmd) for USART_Cmd
    main.o(i.main) refers to main.o(i.TIM_PWM_Configuration) for TIM_PWM_Configuration
    main.o(i.main) refers to main.o(i.ADC_config) for ADC_config
    main.o(i.main) refers to main.o(i.TIM3_Read_Config) for TIM3_Read_Config
    main.o(i.main) refers to main.o(i.Init_sim900) for Init_sim900
    main.o(i.main) refers to stm32f4xx_gpio.o(i.GPIO_SetBits) for GPIO_SetBits
    main.o(i.main) refers to hcsr04.o(i.HCSR04_GPIO_Init) for HCSR04_GPIO_Init
    main.o(i.main) refers to hcsr04.o(i.HCSR04_TIM_Init) for HCSR04_TIM_Init
    main.o(i.main) refers to hcsr04.o(i.Sonic_Read1) for Sonic_Read1
    main.o(i.main) refers to main.o(i.ADC_Read) for ADC_Read
    main.o(i.main) refers to main.o(i.check_CB) for check_CB
    main.o(i.main) refers to main.o(i.check_cb) for check_cb
    main.o(i.main) refers to main.o(i.CheckValueCShap) for CheckValueCShap
    main.o(i.main) refers to system_stm32f4xx.o(.data) for SystemCoreClock
    main.o(i.main) refers to main.o(.data) for .data
    main.o(i.main) refers to main.o(.bss) for .bss
    main.o(i.send_array) refers to strlen.o(.text) for strlen
    main.o(i.send_array) refers to main.o(i.Putchar) for Putchar
    main.o(i.send_array) refers to main.o(.data) for .data
    main.o(i.send_s) refers to main.o(i.Putchar) for Putchar
    main.o(i.send_s1) refers to strlen.o(.text) for strlen
    main.o(i.send_s1) refers to main.o(i.Putchar1) for Putchar1
    main.o(i.send_sms) refers to main.o(i.send_s1) for send_s1
    main.o(i.send_sms) refers to main.o(i.Putchar1) for Putchar1
    main.o(i.send_sms) refers to main.o(i.Delay) for Delay
    main.o(i.send_sms) refers to stm32f4xx_gpio.o(i.GPIO_SetBits) for GPIO_SetBits
    main.o(i.send_sms) refers to stm32f4xx_gpio.o(i.GPIO_ResetBits) for GPIO_ResetBits
    main.o(i.send_sms) refers to main.o(.data) for .data
    main.o(i.wait_ok) refers to strstr.o(.text) for strstr
    main.o(i.wait_ok) refers to main.o(.bss) for .bss
    main.o(.data) refers to main.o(.conststring) for .conststring
    lcd.o(i.ClearLcmScreen) refers to lcd.o(i.SendByte) for SendByte
    lcd.o(i.Cursor) refers to lcd.o(i.SendByte) for SendByte
    lcd.o(i.InitializeLcm) refers to stm32f4xx_rcc.o(i.RCC_AHB1PeriphClockCmd) for RCC_AHB1PeriphClockCmd
    lcd.o(i.InitializeLcm) refers to stm32f4xx_gpio.o(i.GPIO_Init) for GPIO_Init
    lcd.o(i.InitializeLcm) refers to lcd.o(i.__delay_cycles) for __delay_cycles
    lcd.o(i.InitializeLcm) refers to lcd.o(i.PulseLcm) for PulseLcm
    lcd.o(i.InitializeLcm) refers to lcd.o(i.SendByte) for SendByte
    lcd.o(i.PrintStr) refers to lcd.o(i.SendByte) for SendByte
    lcd.o(i.PulseLcm) refers to lcd.o(i.__delay_cycles) for __delay_cycles
    lcd.o(i.SendByte) refers to lcd.o(i.PulseLcm) for PulseLcm
    stm32f4xx_it.o(i.SysTick_Handler) refers to main.o(i.TimingDelay_Decrement) for TimingDelay_Decrement
    system_stm32f4xx.o(i.SystemCoreClockUpdate) refers to system_stm32f4xx.o(.data) for .data
    system_stm32f4xx.o(i.SystemInit) refers to system_stm32f4xx.o(i.SetSysClock) for SetSysClock
    startup_stm32f4xx.o(RESET) refers to startup_stm32f4xx.o(STACK) for __initial_sp
    startup_stm32f4xx.o(RESET) refers to startup_stm32f4xx.o(.text) for Reset_Handler
    startup_stm32f4xx.o(RESET) refers to stm32f4xx_it.o(i.NMI_Handler) for NMI_Handler
    startup_stm32f4xx.o(RESET) refers to stm32f4xx_it.o(i.HardFault_Handler) for HardFault_Handler
    startup_stm32f4xx.o(RESET) refers to stm32f4xx_it.o(i.MemManage_Handler) for MemManage_Handler
    startup_stm32f4xx.o(RESET) refers to stm32f4xx_it.o(i.BusFault_Handler) for BusFault_Handler
    startup_stm32f4xx.o(RESET) refers to stm32f4xx_it.o(i.UsageFault_Handler) for UsageFault_Handler
    startup_stm32f4xx.o(RESET) refers to stm32f4xx_it.o(i.SVC_Handler) for SVC_Handler
    startup_stm32f4xx.o(RESET) refers to stm32f4xx_it.o(i.DebugMon_Handler) for DebugMon_Handler
    startup_stm32f4xx.o(RESET) refers to stm32f4xx_it.o(i.PendSV_Handler) for PendSV_Handler
    startup_stm32f4xx.o(RESET) refers to stm32f4xx_it.o(i.SysTick_Handler) for SysTick_Handler
    startup_stm32f4xx.o(RESET) refers to main.o(i.TIM3_IRQHandler) for TIM3_IRQHandler
    startup_stm32f4xx.o(RESET) refers to main.o(i.USART2_IRQHandler) for USART2_IRQHandler
    startup_stm32f4xx.o(RESET) refers to main.o(i.USART3_IRQHandler) for USART3_IRQHandler
    startup_stm32f4xx.o(RESET) refers to main.o(i.TIM8_CC_IRQHandler) for TIM8_CC_IRQHandler
    startup_stm32f4xx.o(RESET) refers to main.o(i.TIM5_IRQHandler) for TIM5_IRQHandler
    startup_stm32f4xx.o(.text) refers to system_stm32f4xx.o(i.SystemInit) for SystemInit
    startup_stm32f4xx.o(.text) refers to entry.o(.ARM.Collect$$$$00000000) for __main
    stm32f4xx_gpio.o(i.GPIO_DeInit) refers to stm32f4xx_rcc.o(i.RCC_AHB1PeriphResetCmd) for RCC_AHB1PeriphResetCmd
    stm32f4xx_rcc.o(i.RCC_GetClocksFreq) refers to stm32f4xx_rcc.o(.data) for .data
    stm32f4xx_rcc.o(i.RCC_WaitForHSEStartUp) refers to stm32f4xx_rcc.o(i.RCC_GetFlagStatus) for RCC_GetFlagStatus
    stm32f4xx_tim.o(i.TIM_DeInit) refers to stm32f4xx_rcc.o(i.RCC_APB2PeriphResetCmd) for RCC_APB2PeriphResetCmd
    stm32f4xx_tim.o(i.TIM_DeInit) refers to stm32f4xx_rcc.o(i.RCC_APB1PeriphResetCmd) for RCC_APB1PeriphResetCmd
    stm32f4xx_tim.o(i.TIM_ETRClockMode1Config) refers to stm32f4xx_tim.o(i.TIM_ETRConfig) for TIM_ETRConfig
    stm32f4xx_tim.o(i.TIM_ETRClockMode2Config) refers to stm32f4xx_tim.o(i.TIM_ETRConfig) for TIM_ETRConfig
    stm32f4xx_tim.o(i.TIM_ICInit) refers to stm32f4xx_tim.o(i.TIM_SetIC4Prescaler) for TIM_SetIC4Prescaler
    stm32f4xx_tim.o(i.TIM_ICInit) refers to stm32f4xx_tim.o(i.TI1_Config) for TI1_Config
    stm32f4xx_tim.o(i.TIM_ICInit) refers to stm32f4xx_tim.o(i.TIM_SetIC1Prescaler) for TIM_SetIC1Prescaler
    stm32f4xx_tim.o(i.TIM_ICInit) refers to stm32f4xx_tim.o(i.TI2_Config) for TI2_Config
    stm32f4xx_tim.o(i.TIM_ICInit) refers to stm32f4xx_tim.o(i.TIM_SetIC2Prescaler) for TIM_SetIC2Prescaler
    stm32f4xx_tim.o(i.TIM_ICInit) refers to stm32f4xx_tim.o(i.TIM_SetIC3Prescaler) for TIM_SetIC3Prescaler
    stm32f4xx_tim.o(i.TIM_ITRxExternalClockConfig) refers to stm32f4xx_tim.o(i.TIM_SelectInputTrigger) for TIM_SelectInputTrigger
    stm32f4xx_tim.o(i.TIM_PWMIConfig) refers to stm32f4xx_tim.o(i.TI2_Config) for TI2_Config
    stm32f4xx_tim.o(i.TIM_PWMIConfig) refers to stm32f4xx_tim.o(i.TIM_SetIC2Prescaler) for TIM_SetIC2Prescaler
    stm32f4xx_tim.o(i.TIM_PWMIConfig) refers to stm32f4xx_tim.o(i.TI1_Config) for TI1_Config
    stm32f4xx_tim.o(i.TIM_PWMIConfig) refers to stm32f4xx_tim.o(i.TIM_SetIC1Prescaler) for TIM_SetIC1Prescaler
    stm32f4xx_tim.o(i.TIM_TIxExternalClockConfig) refers to stm32f4xx_tim.o(i.TI1_Config) for TI1_Config
    stm32f4xx_tim.o(i.TIM_TIxExternalClockConfig) refers to stm32f4xx_tim.o(i.TIM_SelectInputTrigger) for TIM_SelectInputTrigger
    stm32f4xx_tim.o(i.TIM_TIxExternalClockConfig) refers to stm32f4xx_tim.o(i.TI2_Config) for TI2_Config
    stm32f4xx_usart.o(i.USART_DeInit) refers to stm32f4xx_rcc.o(i.RCC_APB2PeriphResetCmd) for RCC_APB2PeriphResetCmd
    stm32f4xx_usart.o(i.USART_DeInit) refers to stm32f4xx_rcc.o(i.RCC_APB1PeriphResetCmd) for RCC_APB1PeriphResetCmd
    stm32f4xx_usart.o(i.USART_Init) refers to stm32f4xx_rcc.o(i.RCC_GetClocksFreq) for RCC_GetClocksFreq
    stm32f4xx_adc.o(i.ADC_DeInit) refers to stm32f4xx_rcc.o(i.RCC_APB2PeriphResetCmd) for RCC_APB2PeriphResetCmd
    hcsr04.o(i.HCSR04_GPIO_Init) refers to stm32f4xx_rcc.o(i.RCC_AHB1PeriphClockCmd) for RCC_AHB1PeriphClockCmd
    hcsr04.o(i.HCSR04_GPIO_Init) refers to stm32f4xx_gpio.o(i.GPIO_Init) for GPIO_Init
    hcsr04.o(i.HCSR04_GPIO_Init) refers to stm32f4xx_gpio.o(i.GPIO_PinAFConfig) for GPIO_PinAFConfig
    hcsr04.o(i.HCSR04_TIM_Init) refers to stm32f4xx_rcc.o(i.RCC_APB1PeriphClockCmd) for RCC_APB1PeriphClockCmd
    hcsr04.o(i.HCSR04_TIM_Init) refers to stm32f4xx_tim.o(i.TIM_TimeBaseInit) for TIM_TimeBaseInit
    hcsr04.o(i.HCSR04_TIM_Init) refers to misc.o(i.NVIC_Init) for NVIC_Init
    hcsr04.o(i.HCSR04_TIM_Init) refers to stm32f4xx_tim.o(i.TIM_ITConfig) for TIM_ITConfig
    hcsr04.o(i.HCSR04_TIM_Init) refers to stm32f4xx_rcc.o(i.RCC_APB2PeriphClockCmd) for RCC_APB2PeriphClockCmd
    hcsr04.o(i.HCSR04_TIM_Init) refers to stm32f4xx_tim.o(i.TIM_ICInit) for TIM_ICInit
    hcsr04.o(i.HCSR04_TIM_Init) refers to stm32f4xx_tim.o(i.TIM_Cmd) for TIM_Cmd
    hcsr04.o(i.HCSR04_TIM_Init) refers to stm32f4xx_tim.o(i.TIM_TimeBaseStructInit) for TIM_TimeBaseStructInit
    hcsr04.o(i.HCSR04_TIM_Init) refers to system_stm32f4xx.o(.data) for SystemCoreClock
    hcsr04.o(i.HCSR04_Trigger) refers to stm32f4xx_gpio.o(i.GPIO_SetBits) for GPIO_SetBits
    hcsr04.o(i.HCSR04_Trigger) refers to hcsr04.o(i.Delay_us) for Delay_us
    hcsr04.o(i.HCSR04_Trigger) refers to stm32f4xx_gpio.o(i.GPIO_ResetBits) for GPIO_ResetBits
    hcsr04.o(i.HCSR04_Trigger) refers to hcsr04.o(.data) for .data
    hcsr04.o(i.Sonic_Read1) refers to hcsr04.o(i.HCSR04_Trigger) for HCSR04_Trigger
    hcsr04.o(i.Sonic_Read1) refers to dfltui.o(.text) for __aeabi_ui2d
    hcsr04.o(i.Sonic_Read1) refers to dmul.o(.text) for __aeabi_dmul
    hcsr04.o(i.Sonic_Read1) refers to d2f.o(.text) for __aeabi_d2f
    hcsr04.o(i.Sonic_Read1) refers to hcsr04.o(.data) for .data
    hcsr04.o(i.Sonic_Read1) refers to main.o(.data) for distance1
    hcsr04.o(i.TIM_CAPTURE) refers to stm32f4xx_tim.o(i.TIM_GetITStatus) for TIM_GetITStatus
    hcsr04.o(i.TIM_CAPTURE) refers to stm32f4xx_tim.o(i.TIM_ClearITPendingBit) for TIM_ClearITPendingBit
    hcsr04.o(i.TIM_CAPTURE) refers to stm32f4xx_tim.o(i.TIM_GetCapture1) for TIM_GetCapture1
    hcsr04.o(i.TIM_CAPTURE) refers to hcsr04.o(.data) for .data
    hcsr04.o(i.timeout) refers to hcsr04.o(.data) for .data
    entry.o(.ARM.Collect$$$$00000000) refers (Special) to entry10a.o(.ARM.Collect$$$$0000000D) for __rt_final_cpp
    entry.o(.ARM.Collect$$$$00000000) refers (Special) to entry11a.o(.ARM.Collect$$$$0000000F) for __rt_final_exit
    entry.o(.ARM.Collect$$$$00000000) refers (Special) to entry7b.o(.ARM.Collect$$$$00000008) for _main_clock
    entry.o(.ARM.Collect$$$$00000000) refers (Special) to entry8b.o(.ARM.Collect$$$$0000000A) for _main_cpp_init
    entry.o(.ARM.Collect$$$$00000000) refers (Special) to entry9a.o(.ARM.Collect$$$$0000000B) for _main_init
    entry.o(.ARM.Collect$$$$00000000) refers (Special) to entry5.o(.ARM.Collect$$$$00000004) for _main_scatterload
    entry.o(.ARM.Collect$$$$00000000) refers (Special) to entry2.o(.ARM.Collect$$$$00000001) for _main_stk
    dmul.o(.text) refers (Special) to iusefp.o(.text) for __I$use$fp
    dmul.o(.text) refers to depilogue.o(.text) for _double_epilogue
    dfltui.o(.text) refers (Special) to iusefp.o(.text) for __I$use$fp
    dfltui.o(.text) refers to depilogue.o(.text) for _double_epilogue
    d2f.o(.text) refers (Special) to iusefp.o(.text) for __I$use$fp
    d2f.o(.text) refers to fepilogue.o(.text) for _float_round
    entry2.o(.ARM.Collect$$$$00000001) refers to entry2.o(.ARM.Collect$$$$00002712) for __lit__00000000
    entry2.o(.ARM.Collect$$$$00002712) refers to startup_stm32f4xx.o(STACK) for __initial_sp
    entry2.o(__vectab_stack_and_reset_area) refers to startup_stm32f4xx.o(STACK) for __initial_sp
    entry2.o(__vectab_stack_and_reset_area) refers to entry.o(.ARM.Collect$$$$00000000) for __main
    entry5.o(.ARM.Collect$$$$00000004) refers to init.o(.text) for __scatterload
    entry9a.o(.ARM.Collect$$$$0000000B) refers to main.o(i.main) for main
    entry9b.o(.ARM.Collect$$$$0000000C) refers to main.o(i.main) for main
    depilogue.o(.text) refers to llshl.o(.text) for __aeabi_llsl
    depilogue.o(.text) refers to llushr.o(.text) for __aeabi_llsr
    init.o(.text) refers to entry5.o(.ARM.Collect$$$$00000004) for __main_after_scatterload


==============================================================================

Removing Unused input sections from the image.

    Removing main.o(.emb_text), (8 bytes).
    Removing main.o(i.send_array), (40 bytes).
    Removing main.o(.bss), (24 bytes).
    Removing main.o(.bss), (16 bytes).
    Removing main.o(.bss), (10 bytes).
    Removing main.o(.constdata), (4 bytes).
    Removing main.o(.constdata), (4 bytes).
    Removing main.o(.data), (3 bytes).
    Removing main.o(.data), (2 bytes).
    Removing main.o(.data), (2 bytes).
    Removing main.o(.data), (1 bytes).
    Removing main.o(.data), (2 bytes).
    Removing lcd.o(.emb_text), (8 bytes).
    Removing lcd.o(i.Cursor), (16 bytes).
    Removing lcd.o(i.InitializeLcm), (132 bytes).
    Removing stm32f4xx_it.o(.emb_text), (8 bytes).
    Removing system_stm32f4xx.o(.emb_text), (8 bytes).
    Removing system_stm32f4xx.o(i.SystemCoreClockUpdate), (120 bytes).
    Removing startup_stm32f4xx.o(HEAP), (512 bytes).
    Removing misc.o(.emb_text), (8 bytes).
    Removing misc.o(i.NVIC_PriorityGroupConfig), (20 bytes).
    Removing misc.o(i.NVIC_SetVectorTable), (20 bytes).
    Removing misc.o(i.NVIC_SystemLPConfig), (24 bytes).
    Removing misc.o(i.SysTick_CLKSourceConfig), (24 bytes).
    Removing stm32f4xx_gpio.o(.emb_text), (8 bytes).
    Removing stm32f4xx_gpio.o(i.GPIO_DeInit), (228 bytes).
    Removing stm32f4xx_gpio.o(i.GPIO_PinLockConfig), (24 bytes).
    Removing stm32f4xx_gpio.o(i.GPIO_ReadInputData), (6 bytes).
    Removing stm32f4xx_gpio.o(i.GPIO_ReadInputDataBit), (14 bytes).
    Removing stm32f4xx_gpio.o(i.GPIO_ReadOutputData), (6 bytes).
    Removing stm32f4xx_gpio.o(i.GPIO_ReadOutputDataBit), (14 bytes).
    Removing stm32f4xx_gpio.o(i.GPIO_StructInit), (18 bytes).
    Removing stm32f4xx_gpio.o(i.GPIO_ToggleBits), (8 bytes).
    Removing stm32f4xx_gpio.o(i.GPIO_Write), (4 bytes).
    Removing stm32f4xx_gpio.o(i.GPIO_WriteBit), (10 bytes).
    Removing stm32f4xx_rcc.o(.emb_text), (8 bytes).
    Removing stm32f4xx_rcc.o(i.RCC_AHB1PeriphClockLPModeCmd), (24 bytes).
    Removing stm32f4xx_rcc.o(i.RCC_AHB1PeriphResetCmd), (24 bytes).
    Removing stm32f4xx_rcc.o(i.RCC_AHB2PeriphClockCmd), (24 bytes).
    Removing stm32f4xx_rcc.o(i.RCC_AHB2PeriphClockLPModeCmd), (24 bytes).
    Removing stm32f4xx_rcc.o(i.RCC_AHB2PeriphResetCmd), (24 bytes).
    Removing stm32f4xx_rcc.o(i.RCC_AHB3PeriphClockCmd), (24 bytes).
    Removing stm32f4xx_rcc.o(i.RCC_AHB3PeriphClockLPModeCmd), (24 bytes).
    Removing stm32f4xx_rcc.o(i.RCC_AHB3PeriphResetCmd), (24 bytes).
    Removing stm32f4xx_rcc.o(i.RCC_APB1PeriphClockLPModeCmd), (24 bytes).
    Removing stm32f4xx_rcc.o(i.RCC_APB1PeriphResetCmd), (24 bytes).
    Removing stm32f4xx_rcc.o(i.RCC_APB2PeriphClockLPModeCmd), (24 bytes).
    Removing stm32f4xx_rcc.o(i.RCC_APB2PeriphResetCmd), (24 bytes).
    Removing stm32f4xx_rcc.o(i.RCC_AdjustHSICalibrationValue), (20 bytes).
    Removing stm32f4xx_rcc.o(i.RCC_BackupResetCmd), (12 bytes).
    Removing stm32f4xx_rcc.o(i.RCC_ClearFlag), (16 bytes).
    Removing stm32f4xx_rcc.o(i.RCC_ClearITPendingBit), (12 bytes).
    Removing stm32f4xx_rcc.o(i.RCC_ClockSecuritySystemCmd), (12 bytes).
    Removing stm32f4xx_rcc.o(i.RCC_DeInit), (60 bytes).
    Removing stm32f4xx_rcc.o(i.RCC_GetFlagStatus), (52 bytes).
    Removing stm32f4xx_rcc.o(i.RCC_GetITStatus), (20 bytes).
    Removing stm32f4xx_rcc.o(i.RCC_GetSYSCLKSource), (16 bytes).
    Removing stm32f4xx_rcc.o(i.RCC_HCLKConfig), (20 bytes).
    Removing stm32f4xx_rcc.o(i.RCC_HSEConfig), (16 bytes).
    Removing stm32f4xx_rcc.o(i.RCC_HSICmd), (12 bytes).
    Removing stm32f4xx_rcc.o(i.RCC_I2SCLKConfig), (12 bytes).
    Removing stm32f4xx_rcc.o(i.RCC_ITConfig), (24 bytes).
    Removing stm32f4xx_rcc.o(i.RCC_LSEConfig), (28 bytes).
    Removing stm32f4xx_rcc.o(i.RCC_LSICmd), (12 bytes).
    Removing stm32f4xx_rcc.o(i.RCC_MCO1Config), (20 bytes).
    Removing stm32f4xx_rcc.o(i.RCC_MCO2Config), (20 bytes).
    Removing stm32f4xx_rcc.o(i.RCC_PCLK1Config), (20 bytes).
    Removing stm32f4xx_rcc.o(i.RCC_PCLK2Config), (20 bytes).
    Removing stm32f4xx_rcc.o(i.RCC_PLLCmd), (12 bytes).
    Removing stm32f4xx_rcc.o(i.RCC_PLLConfig), (40 bytes).
    Removing stm32f4xx_rcc.o(i.RCC_PLLI2SCmd), (12 bytes).
    Removing stm32f4xx_rcc.o(i.RCC_PLLI2SConfig), (16 bytes).
    Removing stm32f4xx_rcc.o(i.RCC_RTCCLKCmd), (12 bytes).
    Removing stm32f4xx_rcc.o(i.RCC_RTCCLKConfig), (48 bytes).
    Removing stm32f4xx_rcc.o(i.RCC_SYSCLKConfig), (20 bytes).
    Removing stm32f4xx_rcc.o(i.RCC_WaitForHSEStartUp), (44 bytes).
    Removing stm32f4xx_tim.o(.emb_text), (8 bytes).
    Removing stm32f4xx_tim.o(i.TIM_BDTRConfig), (34 bytes).
    Removing stm32f4xx_tim.o(i.TIM_BDTRStructInit), (18 bytes).
    Removing stm32f4xx_tim.o(i.TIM_CCPreloadControl), (20 bytes).
    Removing stm32f4xx_tim.o(i.TIM_CCxCmd), (22 bytes).
    Removing stm32f4xx_tim.o(i.TIM_CCxNCmd), (22 bytes).
    Removing stm32f4xx_tim.o(i.TIM_ClearFlag), (6 bytes).
    Removing stm32f4xx_tim.o(i.TIM_ClearOC1Ref), (12 bytes).
    Removing stm32f4xx_tim.o(i.TIM_ClearOC2Ref), (20 bytes).
    Removing stm32f4xx_tim.o(i.TIM_ClearOC3Ref), (12 bytes).
    Removing stm32f4xx_tim.o(i.TIM_ClearOC4Ref), (20 bytes).
    Removing stm32f4xx_tim.o(i.TIM_CounterModeConfig), (12 bytes).
    Removing stm32f4xx_tim.o(i.TIM_DMACmd), (16 bytes).
    Removing stm32f4xx_tim.o(i.TIM_DMAConfig), (8 bytes).
    Removing stm32f4xx_tim.o(i.TIM_DeInit), (336 bytes).
    Removing stm32f4xx_tim.o(i.TIM_ETRClockMode1Config), (18 bytes).
    Removing stm32f4xx_tim.o(i.TIM_ETRClockMode2Config), (18 bytes).
    Removing stm32f4xx_tim.o(i.TIM_ETRConfig), (24 bytes).
    Removing stm32f4xx_tim.o(i.TIM_EncoderInterfaceConfig), (50 bytes).
    Removing stm32f4xx_tim.o(i.TIM_ForcedOC1Config), (12 bytes).
    Removing stm32f4xx_tim.o(i.TIM_ForcedOC2Config), (20 bytes).
    Removing stm32f4xx_tim.o(i.TIM_ForcedOC3Config), (12 bytes).
    Removing stm32f4xx_tim.o(i.TIM_ForcedOC4Config), (20 bytes).
    Removing stm32f4xx_tim.o(i.TIM_GenerateEvent), (4 bytes).
    Removing stm32f4xx_tim.o(i.TIM_GetCapture2), (4 bytes).
    Removing stm32f4xx_tim.o(i.TIM_GetCapture3), (4 bytes).
    Removing stm32f4xx_tim.o(i.TIM_GetCapture4), (4 bytes).
    Removing stm32f4xx_tim.o(i.TIM_GetCounter), (4 bytes).
    Removing stm32f4xx_tim.o(i.TIM_GetFlagStatus), (14 bytes).
    Removing stm32f4xx_tim.o(i.TIM_GetPrescaler), (4 bytes).
    Removing stm32f4xx_tim.o(i.TIM_ICStructInit), (16 bytes).
    Removing stm32f4xx_tim.o(i.TIM_ITRxExternalClockConfig), (18 bytes).
    Removing stm32f4xx_tim.o(i.TIM_InternalClockConfig), (10 bytes).
    Removing stm32f4xx_tim.o(i.TIM_OC1FastConfig), (12 bytes).
    Removing stm32f4xx_tim.o(i.TIM_OC1NPolarityConfig), (12 bytes).
    Removing stm32f4xx_tim.o(i.TIM_OC1PolarityConfig), (12 bytes).
    Removing stm32f4xx_tim.o(i.TIM_OC2FastConfig), (20 bytes).
    Removing stm32f4xx_tim.o(i.TIM_OC2NPolarityConfig), (20 bytes).
    Removing stm32f4xx_tim.o(i.TIM_OC2PolarityConfig), (20 bytes).
    Removing stm32f4xx_tim.o(i.TIM_OC3FastConfig), (12 bytes).
    Removing stm32f4xx_tim.o(i.TIM_OC3NPolarityConfig), (20 bytes).
    Removing stm32f4xx_tim.o(i.TIM_OC3PolarityConfig), (20 bytes).
    Removing stm32f4xx_tim.o(i.TIM_OC4FastConfig), (20 bytes).
    Removing stm32f4xx_tim.o(i.TIM_OC4Init), (96 bytes).
    Removing stm32f4xx_tim.o(i.TIM_OC4PolarityConfig), (20 bytes).
    Removing stm32f4xx_tim.o(i.TIM_OC4PreloadConfig), (20 bytes).
    Removing stm32f4xx_tim.o(i.TIM_OCStructInit), (20 bytes).
    Removing stm32f4xx_tim.o(i.TIM_PWMIConfig), (108 bytes).
    Removing stm32f4xx_tim.o(i.TIM_PrescalerConfig), (6 bytes).
    Removing stm32f4xx_tim.o(i.TIM_RemapConfig), (6 bytes).
    Removing stm32f4xx_tim.o(i.TIM_SelectCCDMA), (20 bytes).
    Removing stm32f4xx_tim.o(i.TIM_SelectCOM), (20 bytes).
    Removing stm32f4xx_tim.o(i.TIM_SelectHallSensor), (20 bytes).
    Removing stm32f4xx_tim.o(i.TIM_SelectInputTrigger), (12 bytes).
    Removing stm32f4xx_tim.o(i.TIM_SelectMasterSlaveMode), (16 bytes).
    Removing stm32f4xx_tim.o(i.TIM_SelectOCxM), (74 bytes).
    Removing stm32f4xx_tim.o(i.TIM_SelectOnePulseMode), (16 bytes).
    Removing stm32f4xx_tim.o(i.TIM_SelectOutputTrigger), (16 bytes).
    Removing stm32f4xx_tim.o(i.TIM_SelectSlaveMode), (16 bytes).
    Removing stm32f4xx_tim.o(i.TIM_SetAutoreload), (4 bytes).
    Removing stm32f4xx_tim.o(i.TIM_SetClockDivision), (16 bytes).
    Removing stm32f4xx_tim.o(i.TIM_SetCompare1), (4 bytes).
    Removing stm32f4xx_tim.o(i.TIM_SetCompare2), (4 bytes).
    Removing stm32f4xx_tim.o(i.TIM_SetCompare3), (4 bytes).
    Removing stm32f4xx_tim.o(i.TIM_SetCompare4), (4 bytes).
    Removing stm32f4xx_tim.o(i.TIM_SetCounter), (4 bytes).
    Removing stm32f4xx_tim.o(i.TIM_TIxExternalClockConfig), (46 bytes).
    Removing stm32f4xx_tim.o(i.TIM_UpdateDisableConfig), (20 bytes).
    Removing stm32f4xx_tim.o(i.TIM_UpdateRequestConfig), (20 bytes).
    Removing stm32f4xx_usart.o(.emb_text), (8 bytes).
    Removing stm32f4xx_usart.o(i.USART_ClearFlag), (6 bytes).
    Removing stm32f4xx_usart.o(i.USART_ClockInit), (28 bytes).
    Removing stm32f4xx_usart.o(i.USART_ClockStructInit), (12 bytes).
    Removing stm32f4xx_usart.o(i.USART_DMACmd), (16 bytes).
    Removing stm32f4xx_usart.o(i.USART_DeInit), (140 bytes).
    Removing stm32f4xx_usart.o(i.USART_HalfDuplexCmd), (20 bytes).
    Removing stm32f4xx_usart.o(i.USART_IrDACmd), (20 bytes).
    Removing stm32f4xx_usart.o(i.USART_IrDAConfig), (16 bytes).
    Removing stm32f4xx_usart.o(i.USART_LINBreakDetectLengthConfig), (16 bytes).
    Removing stm32f4xx_usart.o(i.USART_LINCmd), (20 bytes).
    Removing stm32f4xx_usart.o(i.USART_OneBitMethodCmd), (20 bytes).
    Removing stm32f4xx_usart.o(i.USART_OverSampling8Cmd), (20 bytes).
    Removing stm32f4xx_usart.o(i.USART_ReceiverWakeUpCmd), (20 bytes).
    Removing stm32f4xx_usart.o(i.USART_SendBreak), (10 bytes).
    Removing stm32f4xx_usart.o(i.USART_SetAddress), (16 bytes).
    Removing stm32f4xx_usart.o(i.USART_SetGuardTime), (16 bytes).
    Removing stm32f4xx_usart.o(i.USART_SetPrescaler), (16 bytes).
    Removing stm32f4xx_usart.o(i.USART_SmartCardCmd), (20 bytes).
    Removing stm32f4xx_usart.o(i.USART_SmartCardNACKCmd), (20 bytes).
    Removing stm32f4xx_usart.o(i.USART_StructInit), (22 bytes).
    Removing stm32f4xx_usart.o(i.USART_WakeUpConfig), (16 bytes).
    Removing stm32f4xx_adc.o(.emb_text), (8 bytes).
    Removing stm32f4xx_adc.o(i.ADC_AnalogWatchdogCmd), (16 bytes).
    Removing stm32f4xx_adc.o(i.ADC_AnalogWatchdogSingleChannelConfig), (12 bytes).
    Removing stm32f4xx_adc.o(i.ADC_AnalogWatchdogThresholdsConfig), (6 bytes).
    Removing stm32f4xx_adc.o(i.ADC_AutoInjectedConvCmd), (20 bytes).
    Removing stm32f4xx_adc.o(i.ADC_ClearFlag), (6 bytes).
    Removing stm32f4xx_adc.o(i.ADC_ClearITPendingBit), (8 bytes).
    Removing stm32f4xx_adc.o(i.ADC_CommonStructInit), (12 bytes).
    Removing stm32f4xx_adc.o(i.ADC_ContinuousModeCmd), (20 bytes).
    Removing stm32f4xx_adc.o(i.ADC_DeInit), (24 bytes).
    Removing stm32f4xx_adc.o(i.ADC_DiscModeChannelCountConfig), (16 bytes).
    Removing stm32f4xx_adc.o(i.ADC_DiscModeCmd), (20 bytes).
    Removing stm32f4xx_adc.o(i.ADC_EOCOnEachRegularChannelCmd), (20 bytes).
    Removing stm32f4xx_adc.o(i.ADC_ExternalTrigInjectedConvConfig), (12 bytes).
    Removing stm32f4xx_adc.o(i.ADC_ExternalTrigInjectedConvEdgeConfig), (12 bytes).
    Removing stm32f4xx_adc.o(i.ADC_GetConversionValue), (6 bytes).
    Removing stm32f4xx_adc.o(i.ADC_GetFlagStatus), (14 bytes).
    Removing stm32f4xx_adc.o(i.ADC_GetITStatus), (30 bytes).
    Removing stm32f4xx_adc.o(i.ADC_GetInjectedConversionValue), (14 bytes).
    Removing stm32f4xx_adc.o(i.ADC_GetMultiModeConversionValue), (12 bytes).
    Removing stm32f4xx_adc.o(i.ADC_GetSoftwareStartConvStatus), (14 bytes).
    Removing stm32f4xx_adc.o(i.ADC_GetSoftwareStartInjectedConvCmdStatus), (14 bytes).
    Removing stm32f4xx_adc.o(i.ADC_ITConfig), (18 bytes).
    Removing stm32f4xx_adc.o(i.ADC_InjectedChannelConfig), (74 bytes).
    Removing stm32f4xx_adc.o(i.ADC_InjectedDiscModeCmd), (20 bytes).
    Removing stm32f4xx_adc.o(i.ADC_InjectedSequencerLengthConfig), (16 bytes).
    Removing stm32f4xx_adc.o(i.ADC_MultiModeDMARequestAfterLastTransferCmd), (32 bytes).
    Removing stm32f4xx_adc.o(i.ADC_SetInjectedOffset), (10 bytes).
    Removing stm32f4xx_adc.o(i.ADC_SoftwareStartInjectedConv), (10 bytes).
    Removing stm32f4xx_adc.o(i.ADC_StructInit), (20 bytes).
    Removing stm32f4xx_adc.o(i.ADC_TempSensorVrefintCmd), (32 bytes).
    Removing stm32f4xx_adc.o(i.ADC_VBATCmd), (32 bytes).
    Removing stm32f4xx_dma.o(.emb_text), (8 bytes).
    Removing stm32f4xx_dma.o(i.DMA_ClearFlag), (44 bytes).
    Removing stm32f4xx_dma.o(i.DMA_ClearITPendingBit), (44 bytes).
    Removing stm32f4xx_dma.o(i.DMA_DeInit), (292 bytes).
    Removing stm32f4xx_dma.o(i.DMA_DoubleBufferModeCmd), (20 bytes).
    Removing stm32f4xx_dma.o(i.DMA_DoubleBufferModeConfig), (22 bytes).
    Removing stm32f4xx_dma.o(i.DMA_FlowControllerConfig), (20 bytes).
    Removing stm32f4xx_dma.o(i.DMA_GetCmdStatus), (14 bytes).
    Removing stm32f4xx_dma.o(i.DMA_GetCurrDataCounter), (6 bytes).
    Removing stm32f4xx_dma.o(i.DMA_GetCurrentMemoryTarget), (14 bytes).
    Removing stm32f4xx_dma.o(i.DMA_GetFIFOStatus), (8 bytes).
    Removing stm32f4xx_dma.o(i.DMA_GetFlagStatus), (52 bytes).
    Removing stm32f4xx_dma.o(i.DMA_GetITStatus), (84 bytes).
    Removing stm32f4xx_dma.o(i.DMA_ITConfig), (44 bytes).
    Removing stm32f4xx_dma.o(i.DMA_MemoryTargetConfig), (10 bytes).
    Removing stm32f4xx_dma.o(i.DMA_PeriphIncOffsetSizeConfig), (20 bytes).
    Removing stm32f4xx_dma.o(i.DMA_SetCurrDataCounter), (4 bytes).
    Removing stm32f4xx_dma.o(i.DMA_StructInit), (34 bytes).
    Removing hcsr04.o(.emb_text), (8 bytes).
    Removing hcsr04.o(.data), (4 bytes).
    Removing hcsr04.o(.data), (4 bytes).
    Removing hcsr04.o(.data), (4 bytes).
    Removing hcsr04.o(.data), (2 bytes).
    Removing hcsr04.o(.data), (2 bytes).
    Removing hcsr04.o(.data), (2 bytes).
    Removing hcsr04.o(.data), (2 bytes).
    Removing hcsr04.o(.data), (2 bytes).
    Removing hcsr04.o(.data), (2 bytes).
    Removing hcsr04.o(.data), (4 bytes).
    Removing hcsr04.o(.data), (4 bytes).

229 unused section(s) (total 5740 bytes) removed from the image.

==============================================================================

Image Symbol Table

    Local Symbols

    Symbol Name                              Value     Ov Type        Size  Object(Section)

    ../clib/microlib/init/entry.s            0x00000000   Number         0  entry11a.o ABSOLUTE
    ../clib/microlib/init/entry.s            0x00000000   Number         0  entry7a.o ABSOLUTE
    ../clib/microlib/init/entry.s            0x00000000   Number         0  entry11b.o ABSOLUTE
    ../clib/microlib/init/entry.s            0x00000000   Number         0  entry9a.o ABSOLUTE
    ../clib/microlib/init/entry.s            0x00000000   Number         0  entry10b.o ABSOLUTE
    ../clib/microlib/init/entry.s            0x00000000   Number         0  entry10a.o ABSOLUTE
    ../clib/microlib/init/entry.s            0x00000000   Number         0  entry9b.o ABSOLUTE
    ../clib/microlib/init/entry.s            0x00000000   Number         0  entry2.o ABSOLUTE
    ../clib/microlib/init/entry.s            0x00000000   Number         0  entry8b.o ABSOLUTE
    ../clib/microlib/init/entry.s            0x00000000   Number         0  entry8a.o ABSOLUTE
    ../clib/microlib/init/entry.s            0x00000000   Number         0  entry5.o ABSOLUTE
    ../clib/microlib/init/entry.s            0x00000000   Number         0  entry7b.o ABSOLUTE
    ../clib/microlib/init/entry.s            0x00000000   Number         0  entry.o ABSOLUTE
    ../clib/microlib/longlong.c              0x00000000   Number         0  llshl.o ABSOLUTE
    ../clib/microlib/longlong.c              0x00000000   Number         0  llushr.o ABSOLUTE
    ../clib/microlib/string/strlen.c         0x00000000   Number         0  strlen.o ABSOLUTE
    ../clib/microlib/string/strncmp.c        0x00000000   Number         0  strncmp.o ABSOLUTE
    ../clib/microlib/string/strstr.c         0x00000000   Number         0  strstr.o ABSOLUTE
    ../clib/microlib/stubs.s                 0x00000000   Number         0  iusefp.o ABSOLUTE
    ../fplib/microlib/d2f.c                  0x00000000   Number         0  d2f.o ABSOLUTE
    ../fplib/microlib/fpepilogue.c           0x00000000   Number         0  fepilogue.o ABSOLUTE
    ../fplib/microlib/fpepilogue.c           0x00000000   Number         0  depilogue.o ABSOLUTE
    ../fplib/microlib/fpflt.c                0x00000000   Number         0  dfltui.o ABSOLUTE
    ../fplib/microlib/fpmul.c                0x00000000   Number         0  dmul.o ABSOLUTE
    ..\Libraries\CMSIS\Device\ST\STM32F4xx\Source\Templates\arm\startup_stm32f4xx.s 0x00000000   Number         0  startup_stm32f4xx.o ABSOLUTE
    ..\Libraries\STM32F4xx_StdPeriph_Driver\src\HCSR04.c 0x00000000   Number         0  hcsr04.o ABSOLUTE
    ..\Libraries\STM32F4xx_StdPeriph_Driver\src\misc.c 0x00000000   Number         0  misc.o ABSOLUTE
    ..\Libraries\STM32F4xx_StdPeriph_Driver\src\stm32f4xx_adc.c 0x00000000   Number         0  stm32f4xx_adc.o ABSOLUTE
    ..\Libraries\STM32F4xx_StdPeriph_Driver\src\stm32f4xx_dma.c 0x00000000   Number         0  stm32f4xx_dma.o ABSOLUTE
    ..\Libraries\STM32F4xx_StdPeriph_Driver\src\stm32f4xx_gpio.c 0x00000000   Number         0  stm32f4xx_gpio.o ABSOLUTE
    ..\Libraries\STM32F4xx_StdPeriph_Driver\src\stm32f4xx_rcc.c 0x00000000   Number         0  stm32f4xx_rcc.o ABSOLUTE
    ..\Libraries\STM32F4xx_StdPeriph_Driver\src\stm32f4xx_tim.c 0x00000000   Number         0  stm32f4xx_tim.o ABSOLUTE
    ..\Libraries\STM32F4xx_StdPeriph_Driver\src\stm32f4xx_usart.c 0x00000000   Number         0  stm32f4xx_usart.o ABSOLUTE
    ..\\Libraries\\STM32F4xx_StdPeriph_Driver\\src\\HCSR04.c 0x00000000   Number         0  hcsr04.o ABSOLUTE
    ..\\Libraries\\STM32F4xx_StdPeriph_Driver\\src\\misc.c 0x00000000   Number         0  misc.o ABSOLUTE
    ..\\Libraries\\STM32F4xx_StdPeriph_Driver\\src\\stm32f4xx_adc.c 0x00000000   Number         0  stm32f4xx_adc.o ABSOLUTE
    ..\\Libraries\\STM32F4xx_StdPeriph_Driver\\src\\stm32f4xx_dma.c 0x00000000   Number         0  stm32f4xx_dma.o ABSOLUTE
    ..\\Libraries\\STM32F4xx_StdPeriph_Driver\\src\\stm32f4xx_gpio.c 0x00000000   Number         0  stm32f4xx_gpio.o ABSOLUTE
    ..\\Libraries\\STM32F4xx_StdPeriph_Driver\\src\\stm32f4xx_rcc.c 0x00000000   Number         0  stm32f4xx_rcc.o ABSOLUTE
    ..\\Libraries\\STM32F4xx_StdPeriph_Driver\\src\\stm32f4xx_tim.c 0x00000000   Number         0  stm32f4xx_tim.o ABSOLUTE
    ..\\Libraries\\STM32F4xx_StdPeriph_Driver\\src\\stm32f4xx_usart.c 0x00000000   Number         0  stm32f4xx_usart.o ABSOLUTE
    ..\\lcd.c                                0x00000000   Number         0  lcd.o ABSOLUTE
    ..\\main.c                               0x00000000   Number         0  main.o ABSOLUTE
    ..\\stm32f4xx_it.c                       0x00000000   Number         0  stm32f4xx_it.o ABSOLUTE
    ..\\system_stm32f4xx.c                   0x00000000   Number         0  system_stm32f4xx.o ABSOLUTE
    ..\lcd.c                                 0x00000000   Number         0  lcd.o ABSOLUTE
    ..\main.c                                0x00000000   Number         0  main.o ABSOLUTE
    ..\stm32f4xx_it.c                        0x00000000   Number         0  stm32f4xx_it.o ABSOLUTE
    ..\system_stm32f4xx.c                    0x00000000   Number         0  system_stm32f4xx.o ABSOLUTE
    dc.s                                     0x00000000   Number         0  dc.o ABSOLUTE
    handlers.s                               0x00000000   Number         0  handlers.o ABSOLUTE
    init.s                                   0x00000000   Number         0  init.o ABSOLUTE
    RESET                                    0x08000000   Section      392  startup_stm32f4xx.o(RESET)
    .ARM.Collect$$$$00000000                 0x08000188   Section        0  entry.o(.ARM.Collect$$$$00000000)
    .ARM.Collect$$$$00000001                 0x08000188   Section        4  entry2.o(.ARM.Collect$$$$00000001)
    .ARM.Collect$$$$00000004                 0x0800018c   Section        4  entry5.o(.ARM.Collect$$$$00000004)
    .ARM.Collect$$$$00000008                 0x08000190   Section        0  entry7b.o(.ARM.Collect$$$$00000008)
    .ARM.Collect$$$$0000000A                 0x08000190   Section        0  entry8b.o(.ARM.Collect$$$$0000000A)
    .ARM.Collect$$$$0000000B                 0x08000190   Section        8  entry9a.o(.ARM.Collect$$$$0000000B)
    .ARM.Collect$$$$0000000D                 0x08000198   Section        0  entry10a.o(.ARM.Collect$$$$0000000D)
    .ARM.Collect$$$$0000000F                 0x08000198   Section        0  entry11a.o(.ARM.Collect$$$$0000000F)
    .ARM.Collect$$$$00002712                 0x08000198   Section        4  entry2.o(.ARM.Collect$$$$00002712)
    __lit__00000000                          0x08000198   Data           4  entry2.o(.ARM.Collect$$$$00002712)
    .text                                    0x0800019c   Section       52  startup_stm32f4xx.o(.text)
    $v0                                      0x0800019c   Number         0  startup_stm32f4xx.o(.text)
    .text                                    0x080001d0   Section        0  strstr.o(.text)
    .text                                    0x080001f4   Section        0  strlen.o(.text)
    .text                                    0x08000202   Section        0  strncmp.o(.text)
    .text                                    0x08000220   Section        0  dmul.o(.text)
    .text                                    0x08000304   Section        0  dfltui.o(.text)
    .text                                    0x0800031e   Section        0  d2f.o(.text)
    .text                                    0x08000356   Section        0  fepilogue.o(.text)
    .text                                    0x08000356   Section        0  iusefp.o(.text)
    .text                                    0x080003c4   Section        0  depilogue.o(.text)
    .text                                    0x08000480   Section       36  init.o(.text)
    .text                                    0x080004a4   Section        0  llshl.o(.text)
    .text                                    0x080004c2   Section        0  llushr.o(.text)
    i.ADC_Cmd                                0x080004e2   Section        0  stm32f4xx_adc.o(i.ADC_Cmd)
    i.ADC_CommonInit                         0x080004f8   Section        0  stm32f4xx_adc.o(i.ADC_CommonInit)
    i.ADC_DMACmd                             0x08000524   Section        0  stm32f4xx_adc.o(i.ADC_DMACmd)
    i.ADC_DMARequestAfterLastTransferCmd     0x08000538   Section        0  stm32f4xx_adc.o(i.ADC_DMARequestAfterLastTransferCmd)
    i.ADC_Init                               0x0800054c   Section        0  stm32f4xx_adc.o(i.ADC_Init)
    i.ADC_Read                               0x08000598   Section        0  main.o(i.ADC_Read)
    i.ADC_RegularChannelConfig               0x08000bec   Section        0  stm32f4xx_adc.o(i.ADC_RegularChannelConfig)
    i.ADC_SoftwareStartConv                  0x08000c60   Section        0  stm32f4xx_adc.o(i.ADC_SoftwareStartConv)
    i.ADC_config                             0x08000c6c   Section        0  main.o(i.ADC_config)
    i.BusFault_Handler                       0x08000d70   Section        0  stm32f4xx_it.o(i.BusFault_Handler)
    i.CheckValueCShap                        0x08000d74   Section        0  main.o(i.CheckValueCShap)
    i.ClearLcmScreen                         0x08000f30   Section        0  lcd.o(i.ClearLcmScreen)
    i.DMA_Cmd                                0x08000f46   Section        0  stm32f4xx_dma.o(i.DMA_Cmd)
    i.DMA_Init                               0x08000f5c   Section        0  stm32f4xx_dma.o(i.DMA_Init)
    i.DebugMon_Handler                       0x08000fb0   Section        0  stm32f4xx_it.o(i.DebugMon_Handler)
    i.Delay                                  0x08000fb4   Section        0  main.o(i.Delay)
    i.Delay_us                               0x08000fc8   Section        0  hcsr04.o(i.Delay_us)
    i.GPIO_Init                              0x08000fdc   Section        0  stm32f4xx_gpio.o(i.GPIO_Init)
    i.GPIO_PinAFConfig                       0x0800107e   Section        0  stm32f4xx_gpio.o(i.GPIO_PinAFConfig)
    i.GPIO_ResetBits                         0x0800109e   Section        0  stm32f4xx_gpio.o(i.GPIO_ResetBits)
    i.GPIO_SetBits                           0x080010a2   Section        0  stm32f4xx_gpio.o(i.GPIO_SetBits)
    i.HCSR04_GPIO_Init                       0x080010a8   Section        0  hcsr04.o(i.HCSR04_GPIO_Init)
    i.HCSR04_TIM_Init                        0x08001114   Section        0  hcsr04.o(i.HCSR04_TIM_Init)
    i.HCSR04_Trigger                         0x0800122c   Section        0  hcsr04.o(i.HCSR04_Trigger)
    i.HardFault_Handler                      0x08001258   Section        0  stm32f4xx_it.o(i.HardFault_Handler)
    i.Init_sim900                            0x0800125c   Section        0  main.o(i.Init_sim900)
    i.MemManage_Handler                      0x080012e4   Section        0  stm32f4xx_it.o(i.MemManage_Handler)
    i.NMI_Handler                            0x080012e6   Section        0  stm32f4xx_it.o(i.NMI_Handler)
    i.NVIC_Init                              0x080012e8   Section        0  misc.o(i.NVIC_Init)
    i.PendSV_Handler                         0x0800134c   Section        0  stm32f4xx_it.o(i.PendSV_Handler)
    i.PrintStr                               0x0800134e   Section        0  lcd.o(i.PrintStr)
    i.PulseLcm                               0x08001368   Section        0  lcd.o(i.PulseLcm)
    i.Putchar                                0x080013a4   Section        0  main.o(i.Putchar)
    i.Putchar1                               0x080013c4   Section        0  main.o(i.Putchar1)
    i.RCC_AHB1PeriphClockCmd                 0x080013e4   Section        0  stm32f4xx_rcc.o(i.RCC_AHB1PeriphClockCmd)
    i.RCC_APB1PeriphClockCmd                 0x080013fc   Section        0  stm32f4xx_rcc.o(i.RCC_APB1PeriphClockCmd)
    i.RCC_APB2PeriphClockCmd                 0x08001414   Section        0  stm32f4xx_rcc.o(i.RCC_APB2PeriphClockCmd)
    i.RCC_GetClocksFreq                      0x0800142c   Section        0  stm32f4xx_rcc.o(i.RCC_GetClocksFreq)
    i.SVC_Handler                            0x080014bc   Section        0  stm32f4xx_it.o(i.SVC_Handler)
    i.SendByte                               0x080014c0   Section        0  lcd.o(i.SendByte)
    i.SetSysClock                            0x08001524   Section        0  system_stm32f4xx.o(i.SetSysClock)
    SetSysClock                              0x08001525   Thumb Code   162  system_stm32f4xx.o(i.SetSysClock)
    i.Sonic_Read1                            0x080015d8   Section        0  hcsr04.o(i.Sonic_Read1)
    i.SysTick_Handler                        0x08001614   Section        0  stm32f4xx_it.o(i.SysTick_Handler)
    i.SystemInit                             0x08001618   Section        0  system_stm32f4xx.o(i.SystemInit)
    i.TI1_Config                             0x08001668   Section        0  stm32f4xx_tim.o(i.TI1_Config)
    TI1_Config                               0x08001669   Thumb Code    46  stm32f4xx_tim.o(i.TI1_Config)
    i.TI2_Config                             0x08001696   Section        0  stm32f4xx_tim.o(i.TI2_Config)
    TI2_Config                               0x08001697   Thumb Code    54  stm32f4xx_tim.o(i.TI2_Config)
    i.TIM3_IRQHandler                        0x080016cc   Section        0  main.o(i.TIM3_IRQHandler)
    i.TIM3_Read_Config                       0x080017ac   Section        0  main.o(i.TIM3_Read_Config)
    i.TIM5_IRQHandler                        0x0800181c   Section        0  main.o(i.TIM5_IRQHandler)
    i.TIM8_CC_IRQHandler                     0x08001844   Section        0  main.o(i.TIM8_CC_IRQHandler)
    i.TIM_ARRPreloadConfig                   0x08001848   Section        0  stm32f4xx_tim.o(i.TIM_ARRPreloadConfig)
    i.TIM_CAPTURE                            0x0800185c   Section        0  hcsr04.o(i.TIM_CAPTURE)
    i.TIM_ClearITPendingBit                  0x080018c8   Section        0  stm32f4xx_tim.o(i.TIM_ClearITPendingBit)
    i.TIM_Cmd                                0x080018ce   Section        0  stm32f4xx_tim.o(i.TIM_Cmd)
    i.TIM_CtrlPWMOutputs                     0x080018e2   Section        0  stm32f4xx_tim.o(i.TIM_CtrlPWMOutputs)
    i.TIM_GetCapture1                        0x080018f8   Section        0  stm32f4xx_tim.o(i.TIM_GetCapture1)
    i.TIM_GetITStatus                        0x080018fc   Section        0  stm32f4xx_tim.o(i.TIM_GetITStatus)
    i.TIM_ICInit                             0x08001914   Section        0  stm32f4xx_tim.o(i.TIM_ICInit)
    i.TIM_ITConfig                           0x080019c0   Section        0  stm32f4xx_tim.o(i.TIM_ITConfig)
    i.TIM_OC1Init                            0x080019d0   Section        0  stm32f4xx_tim.o(i.TIM_OC1Init)
    i.TIM_OC1PreloadConfig                   0x08001a30   Section        0  stm32f4xx_tim.o(i.TIM_OC1PreloadConfig)
    i.TIM_OC2Init                            0x08001a3c   Section        0  stm32f4xx_tim.o(i.TIM_OC2Init)
    i.TIM_OC2PreloadConfig                   0x08001abc   Section        0  stm32f4xx_tim.o(i.TIM_OC2PreloadConfig)
    i.TIM_OC3Init                            0x08001ad0   Section        0  stm32f4xx_tim.o(i.TIM_OC3Init)
    i.TIM_OC3PreloadConfig                   0x08001b4c   Section        0  stm32f4xx_tim.o(i.TIM_OC3PreloadConfig)
    i.TIM_PWM_Configuration                  0x08001b58   Section        0  main.o(i.TIM_PWM_Configuration)
    i.TIM_SetIC1Prescaler                    0x08001c68   Section        0  stm32f4xx_tim.o(i.TIM_SetIC1Prescaler)
    i.TIM_SetIC2Prescaler                    0x08001c78   Section        0  stm32f4xx_tim.o(i.TIM_SetIC2Prescaler)
    i.TIM_SetIC3Prescaler                    0x08001c90   Section        0  stm32f4xx_tim.o(i.TIM_SetIC3Prescaler)
    i.TIM_SetIC4Prescaler                    0x08001ca0   Section        0  stm32f4xx_tim.o(i.TIM_SetIC4Prescaler)
    i.TIM_TimeBaseInit                       0x08001cb8   Section        0  stm32f4xx_tim.o(i.TIM_TimeBaseInit)
    i.TIM_TimeBaseStructInit                 0x08001d34   Section        0  stm32f4xx_tim.o(i.TIM_TimeBaseStructInit)
    i.TimingDelay_Decrement                  0x08001d48   Section        0  main.o(i.TimingDelay_Decrement)
    i.USART2_IRQHandler                      0x08001d5c   Section        0  main.o(i.USART2_IRQHandler)
    i.USART3_IRQHandler                      0x08001dd4   Section        0  main.o(i.USART3_IRQHandler)
    i.USART_ClearITPendingBit                0x08001e54   Section        0  stm32f4xx_usart.o(i.USART_ClearITPendingBit)
    i.USART_Cmd                              0x08001e60   Section        0  stm32f4xx_usart.o(i.USART_Cmd)
    i.USART_GetFlagStatus                    0x08001e74   Section        0  stm32f4xx_usart.o(i.USART_GetFlagStatus)
    i.USART_GetITStatus                      0x08001e82   Section        0  stm32f4xx_usart.o(i.USART_GetITStatus)
    i.USART_ITConfig                         0x08001ec0   Section        0  stm32f4xx_usart.o(i.USART_ITConfig)
    i.USART_Init                             0x08001ef0   Section        0  stm32f4xx_usart.o(i.USART_Init)
    i.USART_ReceiveData                      0x08001f9c   Section        0  stm32f4xx_usart.o(i.USART_ReceiveData)
    i.USART_SendData                         0x08001fa4   Section        0  stm32f4xx_usart.o(i.USART_SendData)
    i.UsageFault_Handler                     0x08001fac   Section        0  stm32f4xx_it.o(i.UsageFault_Handler)
    i.__delay_cycles                         0x08001fae   Section        0  lcd.o(i.__delay_cycles)
    i.__scatterload_copy                     0x08001fc2   Section       14  handlers.o(i.__scatterload_copy)
    i.__scatterload_null                     0x08001fd0   Section        2  handlers.o(i.__scatterload_null)
    i.__scatterload_zeroinit                 0x08001fd2   Section       14  handlers.o(i.__scatterload_zeroinit)
    i.check_CB                               0x08001fe0   Section        0  main.o(i.check_CB)
    i.check_cb                               0x08002150   Section        0  main.o(i.check_cb)
    i.main                                   0x0800234c   Section        0  main.o(i.main)
    i.send_s                                 0x0800252c   Section        0  main.o(i.send_s)
    i.send_s1                                0x08002542   Section        0  main.o(i.send_s1)
    i.send_sms                               0x08002560   Section        0  main.o(i.send_sms)
    i.timeout                                0x080026d0   Section        0  hcsr04.o(i.timeout)
    i.wait_ok                                0x080026e0   Section        0  main.o(i.wait_ok)
    .conststring                             0x080026fc   Section        8  main.o(.conststring)
    .data                                    0x20000000   Section      175  main.o(.data)
    times                                    0x20000014   Data           2  main.o(.data)
    TimingDelay                              0x20000044   Data           4  main.o(.data)
    .data                                    0x200000b0   Section       20  system_stm32f4xx.o(.data)
    .data                                    0x200000c4   Section       16  stm32f4xx_rcc.o(.data)
    APBAHBPrescTable                         0x200000c4   Data          16  stm32f4xx_rcc.o(.data)
    .data                                    0x200000d4   Section       16  hcsr04.o(.data)
    .bss                                     0x200000e4   Section     2072  main.o(.bss)
    STACK                                    0x20000900   Section     1024  startup_stm32f4xx.o(STACK)

    Global Symbols

    Symbol Name                              Value     Ov Type        Size  Object(Section)

    BuildAttributes$$THM_ISAv4$E$P$D$K$B$S$7EM$VFPi3$EXTD16$VFPS$VFMA$PE$A:L22UL41UL21$X:L11$S22US41US21$IEEE1$IW$USESV6$~STKCKD$USESV7$~SHL$OTIME$ROPI$EBA8$MICROLIB$REQ8$PRES8$EABIv2 0x00000000   Number         0  anon$$obj.o ABSOLUTE
    __ARM_use_no_argv                        0x00000000   Number         0  main.o ABSOLUTE
    __cpp_initialize__aeabi_                  - Undefined Weak Reference
    __cxa_finalize                            - Undefined Weak Reference
    __decompress                              - Undefined Weak Reference
    _clock_init                               - Undefined Weak Reference
    _microlib_exit                            - Undefined Weak Reference
    __Vectors_Size                           0x00000188   Number         0  startup_stm32f4xx.o ABSOLUTE
    __Vectors                                0x08000000   Data           4  startup_stm32f4xx.o(RESET)
    __Vectors_End                            0x08000188   Data           0  startup_stm32f4xx.o(RESET)
    __main                                   0x08000189   Thumb Code     0  entry.o(.ARM.Collect$$$$00000000)
    _main_stk                                0x08000189   Thumb Code     0  entry2.o(.ARM.Collect$$$$00000001)
    _main_scatterload                        0x0800018d   Thumb Code     0  entry5.o(.ARM.Collect$$$$00000004)
    __main_after_scatterload                 0x08000191   Thumb Code     0  entry5.o(.ARM.Collect$$$$00000004)
    _main_clock                              0x08000191   Thumb Code     0  entry7b.o(.ARM.Collect$$$$00000008)
    _main_cpp_init                           0x08000191   Thumb Code     0  entry8b.o(.ARM.Collect$$$$0000000A)
    _main_init                               0x08000191   Thumb Code     0  entry9a.o(.ARM.Collect$$$$0000000B)
    __rt_final_cpp                           0x08000199   Thumb Code     0  entry10a.o(.ARM.Collect$$$$0000000D)
    __rt_final_exit                          0x08000199   Thumb Code     0  entry11a.o(.ARM.Collect$$$$0000000F)
    Reset_Handler                            0x0800019d   Thumb Code    18  startup_stm32f4xx.o(.text)
    ADC_IRQHandler                           0x080001c1   Thumb Code     0  startup_stm32f4xx.o(.text)
    CAN1_RX0_IRQHandler                      0x080001c1   Thumb Code     0  startup_stm32f4xx.o(.text)
    CAN1_RX1_IRQHandler                      0x080001c1   Thumb Code     0  startup_stm32f4xx.o(.text)
    CAN1_SCE_IRQHandler                      0x080001c1   Thumb Code     0  startup_stm32f4xx.o(.text)
    CAN1_TX_IRQHandler                       0x080001c1   Thumb Code     0  startup_stm32f4xx.o(.text)
    CAN2_RX0_IRQHandler                      0x080001c1   Thumb Code     0  startup_stm32f4xx.o(.text)
    CAN2_RX1_IRQHandler                      0x080001c1   Thumb Code     0  startup_stm32f4xx.o(.text)
    CAN2_SCE_IRQHandler                      0x080001c1   Thumb Code     0  startup_stm32f4xx.o(.text)
    CAN2_TX_IRQHandler                       0x080001c1   Thumb Code     0  startup_stm32f4xx.o(.text)
    CRYP_IRQHandler                          0x080001c1   Thumb Code     0  startup_stm32f4xx.o(.text)
    DCMI_IRQHandler                          0x080001c1   Thumb Code     0  startup_stm32f4xx.o(.text)
    DMA1_Stream0_IRQHandler                  0x080001c1   Thumb Code     0  startup_stm32f4xx.o(.text)
    DMA1_Stream1_IRQHandler                  0x080001c1   Thumb Code     0  startup_stm32f4xx.o(.text)
    DMA1_Stream2_IRQHandler                  0x080001c1   Thumb Code     0  startup_stm32f4xx.o(.text)
    DMA1_Stream3_IRQHandler                  0x080001c1   Thumb Code     0  startup_stm32f4xx.o(.text)
    DMA1_Stream4_IRQHandler                  0x080001c1   Thumb Code     0  startup_stm32f4xx.o(.text)
    DMA1_Stream5_IRQHandler                  0x080001c1   Thumb Code     0  startup_stm32f4xx.o(.text)
    DMA1_Stream6_IRQHandler                  0x080001c1   Thumb Code     0  startup_stm32f4xx.o(.text)
    DMA1_Stream7_IRQHandler                  0x080001c1   Thumb Code     0  startup_stm32f4xx.o(.text)
    DMA2_Stream0_IRQHandler                  0x080001c1   Thumb Code     0  startup_stm32f4xx.o(.text)
    DMA2_Stream1_IRQHandler                  0x080001c1   Thumb Code     0  startup_stm32f4xx.o(.text)
    DMA2_Stream2_IRQHandler                  0x080001c1   Thumb Code     0  startup_stm32f4xx.o(.text)
    DMA2_Stream3_IRQHandler                  0x080001c1   Thumb Code     0  startup_stm32f4xx.o(.text)
    DMA2_Stream4_IRQHandler                  0x080001c1   Thumb Code     0  startup_stm32f4xx.o(.text)
    DMA2_Stream5_IRQHandler                  0x080001c1   Thumb Code     0  startup_stm32f4xx.o(.text)
    DMA2_Stream6_IRQHandler                  0x080001c1   Thumb Code     0  startup_stm32f4xx.o(.text)
    DMA2_Stream7_IRQHandler                  0x080001c1   Thumb Code     0  startup_stm32f4xx.o(.text)
    ETH_IRQHandler                           0x080001c1   Thumb Code     0  startup_stm32f4xx.o(.text)
    ETH_WKUP_IRQHandler                      0x080001c1   Thumb Code     0  startup_stm32f4xx.o(.text)
    EXTI0_IRQHandler                         0x080001c1   Thumb Code     0  startup_stm32f4xx.o(.text)
    EXTI15_10_IRQHandler                     0x080001c1   Thumb Code     0  startup_stm32f4xx.o(.text)
    EXTI1_IRQHandler                         0x080001c1   Thumb Code     0  startup_stm32f4xx.o(.text)
    EXTI2_IRQHandler                         0x080001c1   Thumb Code     0  startup_stm32f4xx.o(.text)
    EXTI3_IRQHandler                         0x080001c1   Thumb Code     0  startup_stm32f4xx.o(.text)
    EXTI4_IRQHandler                         0x080001c1   Thumb Code     0  startup_stm32f4xx.o(.text)
    EXTI9_5_IRQHandler                       0x080001c1   Thumb Code     0  startup_stm32f4xx.o(.text)
    FLASH_IRQHandler                         0x080001c1   Thumb Code     0  startup_stm32f4xx.o(.text)
    FPU_IRQHandler                           0x080001c1   Thumb Code     0  startup_stm32f4xx.o(.text)
    FSMC_IRQHandler                          0x080001c1   Thumb Code     0  startup_stm32f4xx.o(.text)
    HASH_RNG_IRQHandler                      0x080001c1   Thumb Code     0  startup_stm32f4xx.o(.text)
    I2C1_ER_IRQHandler                       0x080001c1   Thumb Code     0  startup_stm32f4xx.o(.text)
    I2C1_EV_IRQHandler                       0x080001c1   Thumb Code     0  startup_stm32f4xx.o(.text)
    I2C2_ER_IRQHandler                       0x080001c1   Thumb Code     0  startup_stm32f4xx.o(.text)
    I2C2_EV_IRQHandler                       0x080001c1   Thumb Code     0  startup_stm32f4xx.o(.text)
    I2C3_ER_IRQHandler                       0x080001c1   Thumb Code     0  startup_stm32f4xx.o(.text)
    I2C3_EV_IRQHandler                       0x080001c1   Thumb Code     0  startup_stm32f4xx.o(.text)
    OTG_FS_IRQHandler                        0x080001c1   Thumb Code     0  startup_stm32f4xx.o(.text)
    OTG_FS_WKUP_IRQHandler                   0x080001c1   Thumb Code     0  startup_stm32f4xx.o(.text)
    OTG_HS_EP1_IN_IRQHandler                 0x080001c1   Thumb Code     0  startup_stm32f4xx.o(.text)
    OTG_HS_EP1_OUT_IRQHandler                0x080001c1   Thumb Code     0  startup_stm32f4xx.o(.text)
    OTG_HS_IRQHandler                        0x080001c1   Thumb Code     0  startup_stm32f4xx.o(.text)
    OTG_HS_WKUP_IRQHandler                   0x080001c1   Thumb Code     0  startup_stm32f4xx.o(.text)
    PVD_IRQHandler                           0x080001c1   Thumb Code     0  startup_stm32f4xx.o(.text)
    RCC_IRQHandler                           0x080001c1   Thumb Code     0  startup_stm32f4xx.o(.text)
    RTC_Alarm_IRQHandler                     0x080001c1   Thumb Code     0  startup_stm32f4xx.o(.text)
    RTC_WKUP_IRQHandler                      0x080001c1   Thumb Code     0  startup_stm32f4xx.o(.text)
    SDIO_IRQHandler                          0x080001c1   Thumb Code     0  startup_stm32f4xx.o(.text)
    SPI1_IRQHandler                          0x080001c1   Thumb Code     0  startup_stm32f4xx.o(.text)
    SPI2_IRQHandler                          0x080001c1   Thumb Code     0  startup_stm32f4xx.o(.text)
    SPI3_IRQHandler                          0x080001c1   Thumb Code     0  startup_stm32f4xx.o(.text)
    TAMP_STAMP_IRQHandler                    0x080001c1   Thumb Code     0  startup_stm32f4xx.o(.text)
    TIM1_BRK_TIM9_IRQHandler                 0x080001c1   Thumb Code     0  startup_stm32f4xx.o(.text)
    TIM1_CC_IRQHandler                       0x080001c1   Thumb Code     0  startup_stm32f4xx.o(.text)
    TIM1_TRG_COM_TIM11_IRQHandler            0x080001c1   Thumb Code     0  startup_stm32f4xx.o(.text)
    TIM1_UP_TIM10_IRQHandler                 0x080001c1   Thumb Code     0  startup_stm32f4xx.o(.text)
    TIM2_IRQHandler                          0x080001c1   Thumb Code     0  startup_stm32f4xx.o(.text)
    TIM4_IRQHandler                          0x080001c1   Thumb Code     0  startup_stm32f4xx.o(.text)
    TIM6_DAC_IRQHandler                      0x080001c1   Thumb Code     0  startup_stm32f4xx.o(.text)
    TIM7_IRQHandler                          0x080001c1   Thumb Code     0  startup_stm32f4xx.o(.text)
    TIM8_BRK_TIM12_IRQHandler                0x080001c1   Thumb Code     0  startup_stm32f4xx.o(.text)
    TIM8_TRG_COM_TIM14_IRQHandler            0x080001c1   Thumb Code     0  startup_stm32f4xx.o(.text)
    TIM8_UP_TIM13_IRQHandler                 0x080001c1   Thumb Code     0  startup_stm32f4xx.o(.text)
    UART4_IRQHandler                         0x080001c1   Thumb Code     0  startup_stm32f4xx.o(.text)
    UART5_IRQHandler                         0x080001c1   Thumb Code     0  startup_stm32f4xx.o(.text)
    USART1_IRQHandler                        0x080001c1   Thumb Code     0  startup_stm32f4xx.o(.text)
    USART6_IRQHandler                        0x080001c1   Thumb Code     0  startup_stm32f4xx.o(.text)
    WWDG_IRQHandler                          0x080001c1   Thumb Code     0  startup_stm32f4xx.o(.text)
    strstr                                   0x080001d1   Thumb Code    36  strstr.o(.text)
    strlen                                   0x080001f5   Thumb Code    14  strlen.o(.text)
    strncmp                                  0x08000203   Thumb Code    30  strncmp.o(.text)
    __aeabi_dmul                             0x08000221   Thumb Code   228  dmul.o(.text)
    __aeabi_ui2d                             0x08000305   Thumb Code    26  dfltui.o(.text)
    __aeabi_d2f                              0x0800031f   Thumb Code    56  d2f.o(.text)
    __I$use$fp                               0x08000357   Thumb Code     0  iusefp.o(.text)
    _float_round                             0x08000357   Thumb Code    18  fepilogue.o(.text)
    _float_epilogue                          0x08000369   Thumb Code    92  fepilogue.o(.text)
    _double_round                            0x080003c5   Thumb Code    30  depilogue.o(.text)
    _double_epilogue                         0x080003e3   Thumb Code   156  depilogue.o(.text)
    __scatterload                            0x08000481   Thumb Code    28  init.o(.text)
    __scatterload_rt2                        0x08000481   Thumb Code     0  init.o(.text)
    __aeabi_llsl                             0x080004a5   Thumb Code    30  llshl.o(.text)
    _ll_shift_l                              0x080004a5   Thumb Code     0  llshl.o(.text)
    __aeabi_llsr                             0x080004c3   Thumb Code    32  llushr.o(.text)
    _ll_ushift_r                             0x080004c3   Thumb Code     0  llushr.o(.text)
    ADC_Cmd                                  0x080004e3   Thumb Code    20  stm32f4xx_adc.o(i.ADC_Cmd)
    ADC_CommonInit                           0x080004f9   Thumb Code    34  stm32f4xx_adc.o(i.ADC_CommonInit)
    ADC_DMACmd                               0x08000525   Thumb Code    20  stm32f4xx_adc.o(i.ADC_DMACmd)
    ADC_DMARequestAfterLastTransferCmd       0x08000539   Thumb Code    20  stm32f4xx_adc.o(i.ADC_DMARequestAfterLastTransferCmd)
    ADC_Init                                 0x0800054d   Thumb Code    66  stm32f4xx_adc.o(i.ADC_Init)
    ADC_Read                                 0x08000599   Thumb Code  1620  main.o(i.ADC_Read)
    ADC_RegularChannelConfig                 0x08000bed   Thumb Code   116  stm32f4xx_adc.o(i.ADC_RegularChannelConfig)
    ADC_SoftwareStartConv                    0x08000c61   Thumb Code    10  stm32f4xx_adc.o(i.ADC_SoftwareStartConv)
    ADC_config                               0x08000c6d   Thumb Code   238  main.o(i.ADC_config)
    BusFault_Handler                         0x08000d71   Thumb Code     2  stm32f4xx_it.o(i.BusFault_Handler)
    CheckValueCShap                          0x08000d75   Thumb Code   410  main.o(i.CheckValueCShap)
    ClearLcmScreen                           0x08000f31   Thumb Code    22  lcd.o(i.ClearLcmScreen)
    DMA_Cmd                                  0x08000f47   Thumb Code    20  stm32f4xx_dma.o(i.DMA_Cmd)
    DMA_Init                                 0x08000f5d   Thumb Code    80  stm32f4xx_dma.o(i.DMA_Init)
    DebugMon_Handler                         0x08000fb1   Thumb Code     2  stm32f4xx_it.o(i.DebugMon_Handler)
    Delay                                    0x08000fb5   Thumb Code    16  main.o(i.Delay)
    Delay_us                                 0x08000fc9   Thumb Code    14  hcsr04.o(i.Delay_us)
    GPIO_Init                                0x08000fdd   Thumb Code   162  stm32f4xx_gpio.o(i.GPIO_Init)
    GPIO_PinAFConfig                         0x0800107f   Thumb Code    32  stm32f4xx_gpio.o(i.GPIO_PinAFConfig)
    GPIO_ResetBits                           0x0800109f   Thumb Code     4  stm32f4xx_gpio.o(i.GPIO_ResetBits)
    GPIO_SetBits                             0x080010a3   Thumb Code     4  stm32f4xx_gpio.o(i.GPIO_SetBits)
    HCSR04_GPIO_Init                         0x080010a9   Thumb Code    98  hcsr04.o(i.HCSR04_GPIO_Init)
    HCSR04_TIM_Init                          0x08001115   Thumb Code   260  hcsr04.o(i.HCSR04_TIM_Init)
    HCSR04_Trigger                           0x0800122d   Thumb Code    36  hcsr04.o(i.HCSR04_Trigger)
    HardFault_Handler                        0x08001259   Thumb Code     2  stm32f4xx_it.o(i.HardFault_Handler)
    Init_sim900                              0x0800125d   Thumb Code   124  main.o(i.Init_sim900)
    MemManage_Handler                        0x080012e5   Thumb Code     2  stm32f4xx_it.o(i.MemManage_Handler)
    NMI_Handler                              0x080012e7   Thumb Code     2  stm32f4xx_it.o(i.NMI_Handler)
    NVIC_Init                                0x080012e9   Thumb Code    96  misc.o(i.NVIC_Init)
    PendSV_Handler                           0x0800134d   Thumb Code     2  stm32f4xx_it.o(i.PendSV_Handler)
    PrintStr                                 0x0800134f   Thumb Code    26  lcd.o(i.PrintStr)
    PulseLcm                                 0x08001369   Thumb Code    54  lcd.o(i.PulseLcm)
    Putchar                                  0x080013a5   Thumb Code    26  main.o(i.Putchar)
    Putchar1                                 0x080013c5   Thumb Code    26  main.o(i.Putchar1)
    RCC_AHB1PeriphClockCmd                   0x080013e5   Thumb Code    18  stm32f4xx_rcc.o(i.RCC_AHB1PeriphClockCmd)
    RCC_APB1PeriphClockCmd                   0x080013fd   Thumb Code    18  stm32f4xx_rcc.o(i.RCC_APB1PeriphClockCmd)
    RCC_APB2PeriphClockCmd                   0x08001415   Thumb Code    18  stm32f4xx_rcc.o(i.RCC_APB2PeriphClockCmd)
    RCC_GetClocksFreq                        0x0800142d   Thumb Code   132  stm32f4xx_rcc.o(i.RCC_GetClocksFreq)
    SVC_Handler                              0x080014bd   Thumb Code     2  stm32f4xx_it.o(i.SVC_Handler)
    SendByte                                 0x080014c1   Thumb Code    94  lcd.o(i.SendByte)
    Sonic_Read1                              0x080015d9   Thumb Code    42  hcsr04.o(i.Sonic_Read1)
    SysTick_Handler                          0x08001615   Thumb Code     4  stm32f4xx_it.o(i.SysTick_Handler)
    SystemInit                               0x08001619   Thumb Code    62  system_stm32f4xx.o(i.SystemInit)
    TIM3_IRQHandler                          0x080016cd   Thumb Code   208  main.o(i.TIM3_IRQHandler)
    TIM3_Read_Config                         0x080017ad   Thumb Code    98  main.o(i.TIM3_Read_Config)
    TIM5_IRQHandler                          0x0800181d   Thumb Code    34  main.o(i.TIM5_IRQHandler)
    TIM8_CC_IRQHandler                       0x08001845   Thumb Code     4  main.o(i.TIM8_CC_IRQHandler)
    TIM_ARRPreloadConfig                     0x08001849   Thumb Code    20  stm32f4xx_tim.o(i.TIM_ARRPreloadConfig)
    TIM_CAPTURE                              0x0800185d   Thumb Code    98  hcsr04.o(i.TIM_CAPTURE)
    TIM_ClearITPendingBit                    0x080018c9   Thumb Code     6  stm32f4xx_tim.o(i.TIM_ClearITPendingBit)
    TIM_Cmd                                  0x080018cf   Thumb Code    20  stm32f4xx_tim.o(i.TIM_Cmd)
    TIM_CtrlPWMOutputs                       0x080018e3   Thumb Code    22  stm32f4xx_tim.o(i.TIM_CtrlPWMOutputs)
    TIM_GetCapture1                          0x080018f9   Thumb Code     4  stm32f4xx_tim.o(i.TIM_GetCapture1)
    TIM_GetITStatus                          0x080018fd   Thumb Code    24  stm32f4xx_tim.o(i.TIM_GetITStatus)
    TIM_ICInit                               0x08001915   Thumb Code   172  stm32f4xx_tim.o(i.TIM_ICInit)
    TIM_ITConfig                             0x080019c1   Thumb Code    16  stm32f4xx_tim.o(i.TIM_ITConfig)
    TIM_OC1Init                              0x080019d1   Thumb Code    88  stm32f4xx_tim.o(i.TIM_OC1Init)
    TIM_OC1PreloadConfig                     0x08001a31   Thumb Code    12  stm32f4xx_tim.o(i.TIM_OC1PreloadConfig)
    TIM_OC2Init                              0x08001a3d   Thumb Code   120  stm32f4xx_tim.o(i.TIM_OC2Init)
    TIM_OC2PreloadConfig                     0x08001abd   Thumb Code    20  stm32f4xx_tim.o(i.TIM_OC2PreloadConfig)
    TIM_OC3Init                              0x08001ad1   Thumb Code   116  stm32f4xx_tim.o(i.TIM_OC3Init)
    TIM_OC3PreloadConfig                     0x08001b4d   Thumb Code    12  stm32f4xx_tim.o(i.TIM_OC3PreloadConfig)
    TIM_PWM_Configuration                    0x08001b59   Thumb Code   246  main.o(i.TIM_PWM_Configuration)
    TIM_SetIC1Prescaler                      0x08001c69   Thumb Code    16  stm32f4xx_tim.o(i.TIM_SetIC1Prescaler)
    TIM_SetIC2Prescaler                      0x08001c79   Thumb Code    24  stm32f4xx_tim.o(i.TIM_SetIC2Prescaler)
    TIM_SetIC3Prescaler                      0x08001c91   Thumb Code    16  stm32f4xx_tim.o(i.TIM_SetIC3Prescaler)
    TIM_SetIC4Prescaler                      0x08001ca1   Thumb Code    24  stm32f4xx_tim.o(i.TIM_SetIC4Prescaler)
    TIM_TimeBaseInit                         0x08001cb9   Thumb Code    96  stm32f4xx_tim.o(i.TIM_TimeBaseInit)
    TIM_TimeBaseStructInit                   0x08001d35   Thumb Code    18  stm32f4xx_tim.o(i.TIM_TimeBaseStructInit)
    TimingDelay_Decrement                    0x08001d49   Thumb Code    16  main.o(i.TimingDelay_Decrement)
    USART2_IRQHandler                        0x08001d5d   Thumb Code   106  main.o(i.USART2_IRQHandler)
    USART3_IRQHandler                        0x08001dd5   Thumb Code   116  main.o(i.USART3_IRQHandler)
    USART_ClearITPendingBit                  0x08001e55   Thumb Code    12  stm32f4xx_usart.o(i.USART_ClearITPendingBit)
    USART_Cmd                                0x08001e61   Thumb Code    20  stm32f4xx_usart.o(i.USART_Cmd)
    USART_GetFlagStatus                      0x08001e75   Thumb Code    14  stm32f4xx_usart.o(i.USART_GetFlagStatus)
    USART_GetITStatus                        0x08001e83   Thumb Code    62  stm32f4xx_usart.o(i.USART_GetITStatus)
    USART_ITConfig                           0x08001ec1   Thumb Code    48  stm32f4xx_usart.o(i.USART_ITConfig)
    USART_Init                               0x08001ef1   Thumb Code   164  stm32f4xx_usart.o(i.USART_Init)
    USART_ReceiveData                        0x08001f9d   Thumb Code     8  stm32f4xx_usart.o(i.USART_ReceiveData)
    USART_SendData                           0x08001fa5   Thumb Code     8  stm32f4xx_usart.o(i.USART_SendData)
    UsageFault_Handler                       0x08001fad   Thumb Code     2  stm32f4xx_it.o(i.UsageFault_Handler)
    __delay_cycles                           0x08001faf   Thumb Code    20  lcd.o(i.__delay_cycles)
    __scatterload_copy                       0x08001fc3   Thumb Code    14  handlers.o(i.__scatterload_copy)
    __scatterload_null                       0x08001fd1   Thumb Code     2  handlers.o(i.__scatterload_null)
    __scatterload_zeroinit                   0x08001fd3   Thumb Code    14  handlers.o(i.__scatterload_zeroinit)
    check_CB                                 0x08001fe1   Thumb Code   276  main.o(i.check_CB)
    check_cb                                 0x08002151   Thumb Code   404  main.o(i.check_cb)
    main                                     0x0800234d   Thumb Code   448  main.o(i.main)
    send_s                                   0x0800252d   Thumb Code    22  main.o(i.send_s)
    send_s1                                  0x08002543   Thumb Code    30  main.o(i.send_s1)
    send_sms                                 0x08002561   Thumb Code   148  main.o(i.send_sms)
    timeout                                  0x080026d1   Thumb Code    10  hcsr04.o(i.timeout)
    wait_ok                                  0x080026e1   Thumb Code    18  main.o(i.wait_ok)
    Region$$Table$$Base                      0x08002704   Number         0  anon$$obj.o(Region$$Table)
    Region$$Table$$Limit                     0x08002724   Number         0  anon$$obj.o(Region$$Table)
    c                                        0x20000000   Data           1  main.o(.data)
    c1                                       0x20000001   Data           1  main.o(.data)
    d                                        0x20000002   Data           1  main.o(.data)
    d1                                       0x20000003   Data           1  main.o(.data)
    PrescalerValue                           0x20000004   Data           2  main.o(.data)
    xbuff                                    0x20000006   Data           2  main.o(.data)
    sms_mode                                 0x20000008   Data           2  main.o(.data)
    receive_value                            0x2000000a   Data           2  main.o(.data)
    sensor                                   0x2000000c   Data           2  main.o(.data)
    xbuff1                                   0x2000000e   Data           2  main.o(.data)
    sms_mode1                                0x20000010   Data           2  main.o(.data)
    k                                        0x20000012   Data           2  main.o(.data)
    ptr1                                     0x20000018   Data           4  main.o(.data)
    ptr2                                     0x2000001c   Data           4  main.o(.data)
    sensorss                                 0x20000020   Data           4  main.o(.data)
    sa                                       0x20000024   Data           4  main.o(.data)
    ADC_Float_Value_0                        0x20000028   Data           4  main.o(.data)
    ADC_Float_Value_1                        0x2000002c   Data           4  main.o(.data)
    ADC_Float_Value_2                        0x20000030   Data           4  main.o(.data)
    ADC_Float_Value_3                        0x20000034   Data           4  main.o(.data)
    mang                                     0x20000038   Data           4  main.o(.data)
    distance1                                0x2000003c   Data           4  main.o(.data)
    NVIC_InitStructure                       0x20000040   Data           4  main.o(.data)
    a_                                       0x20000048   Data           4  main.o(.data)
    b_                                       0x2000004c   Data           4  main.o(.data)
    c_                                       0x20000050   Data           4  main.o(.data)
    d_                                       0x20000054   Data           4  main.o(.data)
    PWM_Value                                0x20000058   Data           6  main.o(.data)
    MK                                       0x2000005e   Data           7  main.o(.data)
    mo_tb1                                   0x20000065   Data           7  main.o(.data)
    mo_tb2                                   0x2000006c   Data           7  main.o(.data)
    mo_tb3                                   0x20000073   Data           7  main.o(.data)
    ADC3ConvertedValue                       0x2000007a   Data           8  main.o(.data)
    tat_tb1                                  0x20000082   Data           8  main.o(.data)
    tat_tb2                                  0x2000008a   Data           8  main.o(.data)
    tat_tb3                                  0x20000092   Data           8  main.o(.data)
    GPIO_InitStructure                       0x2000009c   Data           8  main.o(.data)
    num1                                     0x200000a4   Data          11  main.o(.data)
    SystemCoreClock                          0x200000b0   Data           4  system_stm32f4xx.o(.data)
    AHBPrescTable                            0x200000b4   Data          16  system_stm32f4xx.o(.data)
    K1Value1                                 0x200000d4   Data           2  hcsr04.o(.data)
    K1Value2                                 0x200000d6   Data           2  hcsr04.o(.data)
    K1Capture                                0x200000d8   Data           2  hcsr04.o(.data)
    K1Number                                 0x200000dc   Data           4  hcsr04.o(.data)
    Trigger_Time                             0x200000e0   Data           4  hcsr04.o(.data)
    ADC_Value                                0x200000e4   Data          16  main.o(.bss)
    USART_InitStructure                      0x200000f4   Data          16  main.o(.bss)
    buf_fer                                  0x20000104   Data         100  main.o(.bss)
    buf_fer1                                 0x20000168   Data        1300  main.o(.bss)
    ADCCH0_Temp                              0x2000067c   Data         160  main.o(.bss)
    ADCCH1_Temp                              0x2000071c   Data         160  main.o(.bss)
    ADCCH2_Temp                              0x200007bc   Data         160  main.o(.bss)
    ADCCH3_Temp                              0x2000085c   Data         160  main.o(.bss)
    __initial_sp                             0x20000d00   Data           0  startup_stm32f4xx.o(STACK)



==============================================================================

Memory Map of the image

  Image Entry point : 0x08000189

  Load Region LR_IROM1 (Base: 0x08000000, Size: 0x00002808, Max: 0x00100000, ABSOLUTE)

    Execution Region ER_IROM1 (Base: 0x08000000, Size: 0x00002724, Max: 0x00100000, ABSOLUTE)

    Base Addr    Size         Type   Attr      Idx    E Section Name        Object

    0x08000000   0x00000188   Data   RO          497    RESET               startup_stm32f4xx.o
    0x08000188   0x00000000   Code   RO         2070  * .ARM.Collect$$$$00000000  mc_w.l(entry.o)
    0x08000188   0x00000004   Code   RO         2085    .ARM.Collect$$$$00000001  mc_w.l(entry2.o)
    0x0800018c   0x00000004   Code   RO         2088    .ARM.Collect$$$$00000004  mc_w.l(entry5.o)
    0x08000190   0x00000000   Code   RO         2090    .ARM.Collect$$$$00000008  mc_w.l(entry7b.o)
    0x08000190   0x00000000   Code   RO         2092    .ARM.Collect$$$$0000000A  mc_w.l(entry8b.o)
    0x08000190   0x00000008   Code   RO         2093    .ARM.Collect$$$$0000000B  mc_w.l(entry9a.o)
    0x08000198   0x00000000   Code   RO         2095    .ARM.Collect$$$$0000000D  mc_w.l(entry10a.o)
    0x08000198   0x00000000   Code   RO         2097    .ARM.Collect$$$$0000000F  mc_w.l(entry11a.o)
    0x08000198   0x00000004   Code   RO         2086    .ARM.Collect$$$$00002712  mc_w.l(entry2.o)
    0x0800019c   0x00000034   Code   RO          498    .text               startup_stm32f4xx.o
    0x080001d0   0x00000024   Code   RO         2073    .text               mc_w.l(strstr.o)
    0x080001f4   0x0000000e   Code   RO         2075    .text               mc_w.l(strlen.o)
    0x08000202   0x0000001e   Code   RO         2077    .text               mc_w.l(strncmp.o)
    0x08000220   0x000000e4   Code   RO         2079    .text               mf_w.l(dmul.o)
    0x08000304   0x0000001a   Code   RO         2081    .text               mf_w.l(dfltui.o)
    0x0800031e   0x00000038   Code   RO         2083    .text               mf_w.l(d2f.o)
    0x08000356   0x00000000   Code   RO         2099    .text               mc_w.l(iusefp.o)
    0x08000356   0x0000006e   Code   RO         2100    .text               mf_w.l(fepilogue.o)
    0x080003c4   0x000000ba   Code   RO         2102    .text               mf_w.l(depilogue.o)
    0x0800047e   0x00000002   PAD
    0x08000480   0x00000024   Code   RO         2104    .text               mc_w.l(init.o)
    0x080004a4   0x0000001e   Code   RO         2106    .text               mc_w.l(llshl.o)
    0x080004c2   0x00000020   Code   RO         2108    .text               mc_w.l(llushr.o)
    0x080004e2   0x00000014   Code   RO         1646    i.ADC_Cmd           stm32f4xx_adc.o
    0x080004f6   0x00000002   PAD
    0x080004f8   0x0000002c   Code   RO         1647    i.ADC_CommonInit    stm32f4xx_adc.o
    0x08000524   0x00000014   Code   RO         1650    i.ADC_DMACmd        stm32f4xx_adc.o
    0x08000538   0x00000014   Code   RO         1651    i.ADC_DMARequestAfterLastTransferCmd  stm32f4xx_adc.o
    0x0800054c   0x0000004c   Code   RO         1666    i.ADC_Init          stm32f4xx_adc.o
    0x08000598   0x00000654   Code   RO            2    i.ADC_Read          main.o
    0x08000bec   0x00000074   Code   RO         1671    i.ADC_RegularChannelConfig  stm32f4xx_adc.o
    0x08000c60   0x0000000a   Code   RO         1673    i.ADC_SoftwareStartConv  stm32f4xx_adc.o
    0x08000c6a   0x00000002   PAD
    0x08000c6c   0x00000104   Code   RO            3    i.ADC_config        main.o
    0x08000d70   0x00000002   Code   RO          329    i.BusFault_Handler  stm32f4xx_it.o
    0x08000d72   0x00000002   PAD
    0x08000d74   0x000001bc   Code   RO            4    i.CheckValueCShap   main.o
    0x08000f30   0x00000016   Code   RO          273    i.ClearLcmScreen    lcd.o
    0x08000f46   0x00000014   Code   RO         1880    i.DMA_Cmd           stm32f4xx_dma.o
    0x08000f5a   0x00000002   PAD
    0x08000f5c   0x00000054   Code   RO         1892    i.DMA_Init          stm32f4xx_dma.o
    0x08000fb0   0x00000002   Code   RO          330    i.DebugMon_Handler  stm32f4xx_it.o
    0x08000fb2   0x00000002   PAD
    0x08000fb4   0x00000014   Code   RO            5    i.Delay             main.o
    0x08000fc8   0x00000014   Code   RO         2002    i.Delay_us          hcsr04.o
    0x08000fdc   0x000000a2   Code   RO          544    i.GPIO_Init         stm32f4xx_gpio.o
    0x0800107e   0x00000020   Code   RO          545    i.GPIO_PinAFConfig  stm32f4xx_gpio.o
    0x0800109e   0x00000004   Code   RO          551    i.GPIO_ResetBits    stm32f4xx_gpio.o
    0x080010a2   0x00000004   Code   RO          552    i.GPIO_SetBits      stm32f4xx_gpio.o
    0x080010a6   0x00000002   PAD
    0x080010a8   0x0000006c   Code   RO         2003    i.HCSR04_GPIO_Init  hcsr04.o
    0x08001114   0x00000118   Code   RO         2004    i.HCSR04_TIM_Init   hcsr04.o
    0x0800122c   0x0000002c   Code   RO         2005    i.HCSR04_Trigger    hcsr04.o
    0x08001258   0x00000002   Code   RO          331    i.HardFault_Handler  stm32f4xx_it.o
    0x0800125a   0x00000002   PAD
    0x0800125c   0x00000088   Code   RO            6    i.Init_sim900       main.o
    0x080012e4   0x00000002   Code   RO          332    i.MemManage_Handler  stm32f4xx_it.o
    0x080012e6   0x00000002   Code   RO          333    i.NMI_Handler       stm32f4xx_it.o
    0x080012e8   0x00000064   Code   RO          503    i.NVIC_Init         misc.o
    0x0800134c   0x00000002   Code   RO          334    i.PendSV_Handler    stm32f4xx_it.o
    0x0800134e   0x0000001a   Code   RO          276    i.PrintStr          lcd.o
    0x08001368   0x0000003c   Code   RO          277    i.PulseLcm          lcd.o
    0x080013a4   0x00000020   Code   RO            7    i.Putchar           main.o
    0x080013c4   0x00000020   Code   RO            8    i.Putchar1          main.o
    0x080013e4   0x00000018   Code   RO          637    i.RCC_AHB1PeriphClockCmd  stm32f4xx_rcc.o
    0x080013fc   0x00000018   Code   RO          646    i.RCC_APB1PeriphClockCmd  stm32f4xx_rcc.o
    0x08001414   0x00000018   Code   RO          649    i.RCC_APB2PeriphClockCmd  stm32f4xx_rcc.o
    0x0800142c   0x00000090   Code   RO          658    i.RCC_GetClocksFreq  stm32f4xx_rcc.o
    0x080014bc   0x00000002   Code   RO          335    i.SVC_Handler       stm32f4xx_it.o
    0x080014be   0x00000002   PAD
    0x080014c0   0x00000064   Code   RO          278    i.SendByte          lcd.o
    0x08001524   0x000000b4   Code   RO          463    i.SetSysClock       system_stm32f4xx.o
    0x080015d8   0x0000003c   Code   RO         2006    i.Sonic_Read1       hcsr04.o
    0x08001614   0x00000004   Code   RO          336    i.SysTick_Handler   stm32f4xx_it.o
    0x08001618   0x00000050   Code   RO          465    i.SystemInit        system_stm32f4xx.o
    0x08001668   0x0000002e   Code   RO          913    i.TI1_Config        stm32f4xx_tim.o
    0x08001696   0x00000036   Code   RO          914    i.TI2_Config        stm32f4xx_tim.o
    0x080016cc   0x000000e0   Code   RO            9    i.TIM3_IRQHandler   main.o
    0x080017ac   0x00000070   Code   RO           10    i.TIM3_Read_Config  main.o
    0x0800181c   0x00000028   Code   RO           11    i.TIM5_IRQHandler   main.o
    0x08001844   0x00000004   Code   RO           12    i.TIM8_CC_IRQHandler  main.o
    0x08001848   0x00000014   Code   RO          915    i.TIM_ARRPreloadConfig  stm32f4xx_tim.o
    0x0800185c   0x0000006c   Code   RO         2007    i.TIM_CAPTURE       hcsr04.o
    0x080018c8   0x00000006   Code   RO          922    i.TIM_ClearITPendingBit  stm32f4xx_tim.o
    0x080018ce   0x00000014   Code   RO          927    i.TIM_Cmd           stm32f4xx_tim.o
    0x080018e2   0x00000016   Code   RO          929    i.TIM_CtrlPWMOutputs  stm32f4xx_tim.o
    0x080018f8   0x00000004   Code   RO          942    i.TIM_GetCapture1   stm32f4xx_tim.o
    0x080018fc   0x00000018   Code   RO          948    i.TIM_GetITStatus   stm32f4xx_tim.o
    0x08001914   0x000000ac   Code   RO          950    i.TIM_ICInit        stm32f4xx_tim.o
    0x080019c0   0x00000010   Code   RO          952    i.TIM_ITConfig      stm32f4xx_tim.o
    0x080019d0   0x00000060   Code   RO          956    i.TIM_OC1Init       stm32f4xx_tim.o
    0x08001a30   0x0000000c   Code   RO          959    i.TIM_OC1PreloadConfig  stm32f4xx_tim.o
    0x08001a3c   0x00000080   Code   RO          961    i.TIM_OC2Init       stm32f4xx_tim.o
    0x08001abc   0x00000014   Code   RO          964    i.TIM_OC2PreloadConfig  stm32f4xx_tim.o
    0x08001ad0   0x0000007c   Code   RO          966    i.TIM_OC3Init       stm32f4xx_tim.o
    0x08001b4c   0x0000000c   Code   RO          969    i.TIM_OC3PreloadConfig  stm32f4xx_tim.o
    0x08001b58   0x00000110   Code   RO           13    i.TIM_PWM_Configuration  main.o
    0x08001c68   0x00000010   Code   RO          994    i.TIM_SetIC1Prescaler  stm32f4xx_tim.o
    0x08001c78   0x00000018   Code   RO          995    i.TIM_SetIC2Prescaler  stm32f4xx_tim.o
    0x08001c90   0x00000010   Code   RO          996    i.TIM_SetIC3Prescaler  stm32f4xx_tim.o
    0x08001ca0   0x00000018   Code   RO          997    i.TIM_SetIC4Prescaler  stm32f4xx_tim.o
    0x08001cb8   0x0000007c   Code   RO          999    i.TIM_TimeBaseInit  stm32f4xx_tim.o
    0x08001d34   0x00000012   Code   RO         1000    i.TIM_TimeBaseStructInit  stm32f4xx_tim.o
    0x08001d46   0x00000002   PAD
    0x08001d48   0x00000014   Code   RO           14    i.TimingDelay_Decrement  main.o
    0x08001d5c   0x00000078   Code   RO           15    i.USART2_IRQHandler  main.o
    0x08001dd4   0x00000080   Code   RO           16    i.USART3_IRQHandler  main.o
    0x08001e54   0x0000000c   Code   RO         1457    i.USART_ClearITPendingBit  stm32f4xx_usart.o
    0x08001e60   0x00000014   Code   RO         1460    i.USART_Cmd         stm32f4xx_usart.o
    0x08001e74   0x0000000e   Code   RO         1463    i.USART_GetFlagStatus  stm32f4xx_usart.o
    0x08001e82   0x0000003e   Code   RO         1464    i.USART_GetITStatus  stm32f4xx_usart.o
    0x08001ec0   0x00000030   Code   RO         1466    i.USART_ITConfig    stm32f4xx_usart.o
    0x08001ef0   0x000000ac   Code   RO         1467    i.USART_Init        stm32f4xx_usart.o
    0x08001f9c   0x00000008   Code   RO         1474    i.USART_ReceiveData  stm32f4xx_usart.o
    0x08001fa4   0x00000008   Code   RO         1477    i.USART_SendData    stm32f4xx_usart.o
    0x08001fac   0x00000002   Code   RO          337    i.UsageFault_Handler  stm32f4xx_it.o
    0x08001fae   0x00000014   Code   RO          279    i.__delay_cycles    lcd.o
    0x08001fc2   0x0000000e   Code   RO         2112    i.__scatterload_copy  mc_w.l(handlers.o)
    0x08001fd0   0x00000002   Code   RO         2113    i.__scatterload_null  mc_w.l(handlers.o)
    0x08001fd2   0x0000000e   Code   RO         2114    i.__scatterload_zeroinit  mc_w.l(handlers.o)
    0x08001fe0   0x00000170   Code   RO           17    i.check_CB          main.o
    0x08002150   0x000001fc   Code   RO           18    i.check_cb          main.o
    0x0800234c   0x000001e0   Code   RO           19    i.main              main.o
    0x0800252c   0x00000016   Code   RO           21    i.send_s            main.o
    0x08002542   0x0000001e   Code   RO           22    i.send_s1           main.o
    0x08002560   0x00000170   Code   RO           23    i.send_sms          main.o
    0x080026d0   0x00000010   Code   RO         2008    i.timeout           hcsr04.o
    0x080026e0   0x0000001c   Code   RO           24    i.wait_ok           main.o
    0x080026fc   0x00000008   Data   RO           31    .conststring        main.o
    0x08002704   0x00000020   Data   RO         2110    Region$$Table       anon$$obj.o


    Execution Region RW_IRAM1 (Base: 0x20000000, Size: 0x00000d00, Max: 0x00020000, ABSOLUTE)

    Base Addr    Size         Type   Attr      Idx    E Section Name        Object

    0x20000000   0x000000af   Data   RW           32    .data               main.o
    0x200000af   0x00000001   PAD
    0x200000b0   0x00000014   Data   RW          466    .data               system_stm32f4xx.o
    0x200000c4   0x00000010   Data   RW          681    .data               stm32f4xx_rcc.o
    0x200000d4   0x00000010   Data   RW         2009    .data               hcsr04.o
    0x200000e4   0x00000818   Zero   RW           25    .bss                main.o
    0x200008fc   0x00000004   PAD
    0x20000900   0x00000400   Zero   RW          495    STACK               startup_stm32f4xx.o


==============================================================================

Image component sizes


      Code (inc. data)   RO Data    RW Data    ZI Data      Debug   Object Name

       636         78          0         16          0       5498   hcsr04.o
       228         12          0          0          0       3359   lcd.o
      5268        736          8        175       2072     308611   main.o
       100          4          0          0          0       1120   misc.o
        52         14        392          0       1024        932   startup_stm32f4xx.o
       306         20          0          0          0       6035   stm32f4xx_adc.o
       104          4          0          0          0       2577   stm32f4xx_dma.o
       202          0          0          0          0       3195   stm32f4xx_gpio.o
        20          0          0          0          0     285082   stm32f4xx_it.o
       216         30          0         16          0       4823   stm32f4xx_rcc.o
       998         52          0          0          0      16796   stm32f4xx_tim.o
       344          8          0          0          0       6691   stm32f4xx_usart.o
       260         36          0         20          0       1813   system_stm32f4xx.o

    ----------------------------------------------------------------------
      8752        994        432        228       3100     646532   Object Totals
         0          0         32          0          0          0   (incl. Generated)
        18          0          0          1          4          0   (incl. Padding)

    ----------------------------------------------------------------------

      Code (inc. data)   RO Data    RW Data    ZI Data      Debug   Library Member Name

         0          0          0          0          0          0   entry.o
         0          0          0          0          0          0   entry10a.o
         0          0          0          0          0          0   entry11a.o
         8          4          0          0          0          0   entry2.o
         4          0          0          0          0          0   entry5.o
         0          0          0          0          0          0   entry7b.o
         0          0          0          0          0          0   entry8b.o
         8          4          0          0          0          0   entry9a.o
        30          0          0          0          0          0   handlers.o
        36          8          0          0          0         68   init.o
         0          0          0          0          0          0   iusefp.o
        30          0          0          0          0         68   llshl.o
        32          0          0          0          0         68   llushr.o
        14          0          0          0          0         68   strlen.o
        30          0          0          0          0         80   strncmp.o
        36          0          0          0          0         80   strstr.o
        56          0          0          0          0         88   d2f.o
       186          0          0          0          0        176   depilogue.o
        26          0          0          0          0         76   dfltui.o
       228          0          0          0          0         96   dmul.o
       110          0          0          0          0        168   fepilogue.o

    ----------------------------------------------------------------------
       836         16          0          0          0       1036   Library Totals
         2          0          0          0          0          0   (incl. Padding)

    ----------------------------------------------------------------------

      Code (inc. data)   RO Data    RW Data    ZI Data      Debug   Library Name

       228         16          0          0          0        432   mc_w.l
       606          0          0          0          0        604   mf_w.l

    ----------------------------------------------------------------------
       836         16          0          0          0       1036   Library Totals

    ----------------------------------------------------------------------

==============================================================================


      Code (inc. data)   RO Data    RW Data    ZI Data      Debug   

      9588       1010        432        228       3100     638856   Grand Totals
      9588       1010        432        228       3100     638856   ELF Image Totals
      9588       1010        432        228          0          0   ROM Totals

==============================================================================

    Total RO  Size (Code + RO Data)                10020 (   9.79kB)
    Total RW  Size (RW Data + ZI Data)              3328 (   3.25kB)
    Total ROM Size (Code + RO Data + RW Data)      10248 (  10.01kB)

==============================================================================

